Archive member included to satisfy reference by file (symbol)

c:/st/stm32cubeide_1.5.1/stm32cubeide/plugins/com.st.stm32cube.ide.mcu.externaltools.gnu-tools-for-stm32.9-2020-q2-update.win32_1.5.0.202011040924/tools/bin/../lib/gcc/arm-none-eabi/9.3.1/../../../../arm-none-eabi/lib/thumb/v7e-m+fp/hard\libc_nano.a(lib_a-calloc.o)
                              Core/Src/main.o (calloc)
c:/st/stm32cubeide_1.5.1/stm32cubeide/plugins/com.st.stm32cube.ide.mcu.externaltools.gnu-tools-for-stm32.9-2020-q2-update.win32_1.5.0.202011040924/tools/bin/../lib/gcc/arm-none-eabi/9.3.1/../../../../arm-none-eabi/lib/thumb/v7e-m+fp/hard\libc_nano.a(lib_a-errno.o)
                              Core/Src/syscalls.o (__errno)
c:/st/stm32cubeide_1.5.1/stm32cubeide/plugins/com.st.stm32cube.ide.mcu.externaltools.gnu-tools-for-stm32.9-2020-q2-update.win32_1.5.0.202011040924/tools/bin/../lib/gcc/arm-none-eabi/9.3.1/../../../../arm-none-eabi/lib/thumb/v7e-m+fp/hard\libc_nano.a(lib_a-exit.o)
                              c:/st/stm32cubeide_1.5.1/stm32cubeide/plugins/com.st.stm32cube.ide.mcu.externaltools.gnu-tools-for-stm32.9-2020-q2-update.win32_1.5.0.202011040924/tools/bin/../lib/gcc/arm-none-eabi/9.3.1/../../../../arm-none-eabi/lib/thumb/v7e-m+fp/hard/crt0.o (exit)
c:/st/stm32cubeide_1.5.1/stm32cubeide/plugins/com.st.stm32cube.ide.mcu.externaltools.gnu-tools-for-stm32.9-2020-q2-update.win32_1.5.0.202011040924/tools/bin/../lib/gcc/arm-none-eabi/9.3.1/../../../../arm-none-eabi/lib/thumb/v7e-m+fp/hard\libc_nano.a(lib_a-impure.o)
                              c:/st/stm32cubeide_1.5.1/stm32cubeide/plugins/com.st.stm32cube.ide.mcu.externaltools.gnu-tools-for-stm32.9-2020-q2-update.win32_1.5.0.202011040924/tools/bin/../lib/gcc/arm-none-eabi/9.3.1/../../../../arm-none-eabi/lib/thumb/v7e-m+fp/hard\libc_nano.a(lib_a-exit.o) (_global_impure_ptr)
c:/st/stm32cubeide_1.5.1/stm32cubeide/plugins/com.st.stm32cube.ide.mcu.externaltools.gnu-tools-for-stm32.9-2020-q2-update.win32_1.5.0.202011040924/tools/bin/../lib/gcc/arm-none-eabi/9.3.1/../../../../arm-none-eabi/lib/thumb/v7e-m+fp/hard\libc_nano.a(lib_a-init.o)
                              c:/st/stm32cubeide_1.5.1/stm32cubeide/plugins/com.st.stm32cube.ide.mcu.externaltools.gnu-tools-for-stm32.9-2020-q2-update.win32_1.5.0.202011040924/tools/bin/../lib/gcc/arm-none-eabi/9.3.1/../../../../arm-none-eabi/lib/thumb/v7e-m+fp/hard/crt0.o (__libc_init_array)
c:/st/stm32cubeide_1.5.1/stm32cubeide/plugins/com.st.stm32cube.ide.mcu.externaltools.gnu-tools-for-stm32.9-2020-q2-update.win32_1.5.0.202011040924/tools/bin/../lib/gcc/arm-none-eabi/9.3.1/../../../../arm-none-eabi/lib/thumb/v7e-m+fp/hard\libc_nano.a(lib_a-memcpy-stub.o)
                              Core/Src/main.o (memcpy)
c:/st/stm32cubeide_1.5.1/stm32cubeide/plugins/com.st.stm32cube.ide.mcu.externaltools.gnu-tools-for-stm32.9-2020-q2-update.win32_1.5.0.202011040924/tools/bin/../lib/gcc/arm-none-eabi/9.3.1/../../../../arm-none-eabi/lib/thumb/v7e-m+fp/hard\libc_nano.a(lib_a-memset.o)
                              c:/st/stm32cubeide_1.5.1/stm32cubeide/plugins/com.st.stm32cube.ide.mcu.externaltools.gnu-tools-for-stm32.9-2020-q2-update.win32_1.5.0.202011040924/tools/bin/../lib/gcc/arm-none-eabi/9.3.1/../../../../arm-none-eabi/lib/thumb/v7e-m+fp/hard/crt0.o (memset)
c:/st/stm32cubeide_1.5.1/stm32cubeide/plugins/com.st.stm32cube.ide.mcu.externaltools.gnu-tools-for-stm32.9-2020-q2-update.win32_1.5.0.202011040924/tools/bin/../lib/gcc/arm-none-eabi/9.3.1/../../../../arm-none-eabi/lib/thumb/v7e-m+fp/hard\libc_nano.a(lib_a-nano-callocr.o)
                              c:/st/stm32cubeide_1.5.1/stm32cubeide/plugins/com.st.stm32cube.ide.mcu.externaltools.gnu-tools-for-stm32.9-2020-q2-update.win32_1.5.0.202011040924/tools/bin/../lib/gcc/arm-none-eabi/9.3.1/../../../../arm-none-eabi/lib/thumb/v7e-m+fp/hard\libc_nano.a(lib_a-calloc.o) (_calloc_r)
c:/st/stm32cubeide_1.5.1/stm32cubeide/plugins/com.st.stm32cube.ide.mcu.externaltools.gnu-tools-for-stm32.9-2020-q2-update.win32_1.5.0.202011040924/tools/bin/../lib/gcc/arm-none-eabi/9.3.1/../../../../arm-none-eabi/lib/thumb/v7e-m+fp/hard\libc_nano.a(lib_a-nano-mallocr.o)
                              c:/st/stm32cubeide_1.5.1/stm32cubeide/plugins/com.st.stm32cube.ide.mcu.externaltools.gnu-tools-for-stm32.9-2020-q2-update.win32_1.5.0.202011040924/tools/bin/../lib/gcc/arm-none-eabi/9.3.1/../../../../arm-none-eabi/lib/thumb/v7e-m+fp/hard\libc_nano.a(lib_a-nano-callocr.o) (_malloc_r)
c:/st/stm32cubeide_1.5.1/stm32cubeide/plugins/com.st.stm32cube.ide.mcu.externaltools.gnu-tools-for-stm32.9-2020-q2-update.win32_1.5.0.202011040924/tools/bin/../lib/gcc/arm-none-eabi/9.3.1/../../../../arm-none-eabi/lib/thumb/v7e-m+fp/hard\libc_nano.a(lib_a-sbrkr.o)
[...]
Memory Configuration

Name             Origin             Length             Attributes
RAM              0x0000000020000000 0x0000000000020000 xrw
FLASH            0x0000000008000000 0x0000000000080000 xr
*default*        0x0000000000000000 0xffffffffffffffff

Linker script and memory map

LOAD c:/st/stm32cubeide_1.5.1/stm32cubeide/plugins/com.st.stm32cube.ide.mcu.externaltools.gnu-tools-for-stm32.9-2020-q2-update.win32_1.5.0.202011040924/tools/bin/../lib/gcc/arm-none-eabi/9.3.1/thumb/v7e-m+fp/hard/crti.o
LOAD c:/st/stm32cubeide_1.5.1/stm32cubeide/plugins/com.st.stm32cube.ide.mcu.externaltools.gnu-tools-for-stm32.9-2020-q2-update.win32_1.5.0.202011040924/tools/bin/../lib/gcc/arm-none-eabi/9.3.1/thumb/v7e-m+fp/hard/crtbegin.o
LOAD c:/st/stm32cubeide_1.5.1/stm32cubeide/plugins/com.st.stm32cube.ide.mcu.externaltools.gnu-tools-for-stm32.9-2020-q2-update.win32_1.5.0.202011040924/tools/bin/../lib/gcc/arm-none-eabi/9.3.1/../../../../arm-none-eabi/lib/thumb/v7e-m+fp/hard/crt0.o
LOAD Core/Src/main.o
LOAD Core/Src/stm32f4xx_hal_msp.o
LOAD Core/Src/stm32f4xx_it.o
LOAD Core/Src/syscalls.o
LOAD Core/Src/sysmem.o
LOAD Core/Src/system_stm32f4xx.o
LOAD Core/Startup/startup_stm32f411retx.o
LOAD Drivers/STM32F4xx_HAL_Driver/Src/stm32f4xx_hal.o
LOAD Drivers/STM32F4xx_HAL_Driver/Src/stm32f4xx_hal_cortex.o
LOAD Drivers/STM32F4xx_HAL_Driver/Src/stm32f4xx_hal_dma.o
LOAD Drivers/STM32F4xx_HAL_Driver/Src/stm32f4xx_hal_dma_ex.o
LOAD Drivers/STM32F4xx_HAL_Driver/Src/stm32f4xx_hal_exti.o
LOAD Drivers/STM32F4xx_HAL_Driver/Src/stm32f4xx_hal_flash.o
LOAD Drivers/STM32F4xx_HAL_Driver/Src/stm32f4xx_hal_flash_ex.o
LOAD Drivers/STM32F4xx_HAL_Driver/Src/stm32f4xx_hal_flash_ramfunc.o
LOAD Drivers/STM32F4xx_HAL_Driver/Src/stm32f4xx_hal_gpio.o
LOAD Drivers/STM32F4xx_HAL_Driver/Src/stm32f4xx_hal_i2c.o
LOAD Drivers/STM32F4xx_HAL_Driver/Src/stm32f4xx_hal_i2c_ex.o
LOAD Drivers/STM32F4xx_HAL_Driver/Src/stm32f4xx_hal_pwr.o
LOAD Drivers/STM32F4xx_HAL_Driver/Src/stm32f4xx_hal_pwr_ex.o
LOAD Drivers/STM32F4xx_HAL_Driver/Src/stm32f4xx_hal_rcc.o
LOAD Drivers/STM32F4xx_HAL_Driver/Src/stm32f4xx_hal_rcc_ex.o
LOAD Drivers/STM32F4xx_HAL_Driver/Src/stm32f4xx_hal_tim.o
LOAD Drivers/STM32F4xx_HAL_Driver/Src/stm32f4xx_hal_tim_ex.o
LOAD Drivers/STM32F4xx_HAL_Driver/Src/stm32f4xx_hal_uart.o
START GROUP
LOAD c:/st/stm32cubeide_1.5.1/stm32cubeide/plugins/com.st.stm32cube.ide.mcu.externaltools.gnu-tools-for-stm32.9-2020-q2-update.win32_1.5.0.202011040924/tools/bin/../lib/gcc/arm-none-eabi/9.3.1/../../../../arm-none-eabi/lib/thumb/v7e-m+fp/hard\libc_nano.a
LOAD c:/st/stm32cubeide_1.5.1/stm32cubeide/plugins/com.st.stm32cube.ide.mcu.externaltools.gnu-tools-for-stm32.9-2020-q2-update.win32_1.5.0.202011040924/tools/bin/../lib/gcc/arm-none-eabi/9.3.1/../../../../arm-none-eabi/lib/thumb/v7e-m+fp/hard\libm.a
END GROUP
START GROUP
LOAD c:/st/stm32cubeide_1.5.1/stm32cubeide/plugins/com.st.stm32cube.ide.mcu.externaltools.gnu-tools-for-stm32.9-2020-q2-update.win32_1.5.0.202011040924/tools/bin/../lib/gcc/arm-none-eabi/9.3.1/thumb/v7e-m+fp/hard\libgcc.a
LOAD c:/st/stm32cubeide_1.5.1/stm32cubeide/plugins/com.st.stm32cube.ide.mcu.externaltools.gnu-tools-for-stm32.9-2020-q2-update.win32_1.5.0.202011040924/tools/bin/../lib/gcc/arm-none-eabi/9.3.1/../../../../arm-none-eabi/lib/thumb/v7e-m+fp/hard\libc_nano.a
END GROUP
START GROUP
LOAD c:/st/stm32cubeide_1.5.1/stm32cubeide/plugins/com.st.stm32cube.ide.mcu.externaltools.gnu-tools-for-stm32.9-2020-q2-update.win32_1.5.0.202011040924/tools/bin/../lib/gcc/arm-none-eabi/9.3.1/thumb/v7e-m+fp/hard\libgcc.a
LOAD c:/st/stm32cubeide_1.5.1/stm32cubeide/plugins/com.st.stm32cube.ide.mcu.externaltools.gnu-tools-for-stm32.9-2020-q2-update.win32_1.5.0.202011040924/tools/bin/../lib/gcc/arm-none-eabi/9.3.1/../../../../arm-none-eabi/lib/thumb/v7e-m+fp/hard\libc_nano.a
LOAD c:/st/stm32cubeide_1.5.1/stm32cubeide/plugins/com.st.stm32cube.ide.mcu.externaltools.gnu-tools-for-stm32.9-2020-q2-update.win32_1.5.0.202011040924/tools/bin/../lib/gcc/arm-none-eabi/9.3.1/../../../../arm-none-eabi/lib/thumb/v7e-m+fp/hard\libnosys.a
END GROUP
START GROUP
LOAD c:/st/stm32cubeide_1.5.1/stm32cubeide/plugins/com.st.stm32cube.ide.mcu.externaltools.gnu-tools-for-stm32.9-2020-q2-update.win32_1.5.0.202011040924/tools/bin/../lib/gcc/arm-none-eabi/9.3.1/thumb/v7e-m+fp/hard\libgcc.a
LOAD c:/st/stm32cubeide_1.5.1/stm32cubeide/plugins/com.st.stm32cube.ide.mcu.externaltools.gnu-tools-for-stm32.9-2020-q2-update.win32_1.5.0.202011040924/tools/bin/../lib/gcc/arm-none-eabi/9.3.1/../../../../arm-none-eabi/lib/thumb/v7e-m+fp/hard\libc_nano.a
LOAD c:/st/stm32cubeide_1.5.1/stm32cubeide/plugins/com.st.stm32cube.ide.mcu.externaltools.gnu-tools-for-stm32.9-2020-q2-update.win32_1.5.0.202011040924/tools/bin/../lib/gcc/arm-none-eabi/9.3.1/../../../../arm-none-eabi/lib/thumb/v7e-m+fp/hard\libnosys.a
END GROUP
LOAD c:/st/stm32cubeide_1.5.1/stm32cubeide/plugins/com.st.stm32cube.ide.mcu.externaltools.gnu-tools-for-stm32.9-2020-q2-update.win32_1.5.0.202011040924/tools/bin/../lib/gcc/arm-none-eabi/9.3.1/thumb/v7e-m+fp/hard/crtend.o
LOAD c:/st/stm32cubeide_1.5.1/stm32cubeide/plugins/com.st.stm32cube.ide.mcu.externaltools.gnu-tools-for-stm32.9-2020-q2-update.win32_1.5.0.202011040924/tools/bin/../lib/gcc/arm-none-eabi/9.3.1/thumb/v7e-m+fp/hard/crtn.o
                0x0000000020020000                _estack = (ORIGIN (RAM) + LENGTH (RAM))
                0x0000000000000200                _Min_Heap_Size = 0x200
                0x0000000000000400                _Min_Stack_Size = 0x400

.isr_vector     0x0000000008000000      0x198
                0x0000000008000000                . = ALIGN (0x4)
 *(.isr_vector)
 .isr_vector    0x0000000008000000      0x198 Core/Startup/startup_stm32f411retx.o
                0x0000000008000000                g_pfnVectors
                0x0000000008000198                . = ALIGN (0x4)

.text           0x0000000008000198     0x8ee8
                0x0000000008000198                . = ALIGN (0x4)
 *(.text)
 .text          0x0000000008000198       0x40 c:/st/stm32cubeide_1.5.1/stm32cubeide/plugins/com.st.stm32cube.ide.mcu.externaltools.gnu-tools-for-stm32.9-2020-q2-update.win32_1.5.0.202011040924/tools/bin/../lib/gcc/arm-none-eabi/9.3.1/thumb/v7e-m+fp/hard/crtbegin.o
 .text          0x00000000080001d8      0x378 c:/st/stm32cubeide_1.5.1/stm32cubeide/plugins/com.st.stm32cube.ide.mcu.externaltools.gnu-tools-for-stm32.9-2020-q2-update.win32_1.5.0.202011040924/tools/bin/../lib/gcc/arm-none-eabi/9.3.1/thumb/v7e-m+fp/hard\libgcc.a(_arm_addsubdf3.o)
                0x00000000080001d8                __aeabi_drsub
                0x00000000080001e0                __aeabi_dsub
                0x00000000080001e0                __subdf3
                0x00000000080001e4                __aeabi_dadd
                0x00000000080001e4                __adddf3
                0x000000000800045c                __floatunsidf
                0x000000000800045c                __aeabi_ui2d
                0x000000000800047c                __floatsidf
                0x000000000800047c                __aeabi_i2d
                0x00000000080004a0                __aeabi_f2d
                0x00000000080004a0                __extendsfdf2
                0x00000000080004e4                __floatundidf
                0x00000000080004e4                __aeabi_ul2d
                0x00000000080004f4                __floatdidf
                0x00000000080004f4                __aeabi_l2d
 .text          0x0000000008000550      0x424 c:/st/stm32cubeide_1.5.1/stm32cubeide/plugins/com.st.stm32cube.ide.mcu.externaltools.gnu-tools-for-stm32.9-2020-q2-update.win32_1.5.0.202011040924/tools/bin/../lib/gcc/arm-none-eabi/9.3.1/thumb/v7e-m+fp/hard\libgcc.a(_arm_muldivdf3.o)
                0x0000000008000550                __aeabi_dmul
                0x0000000008000550                __muldf3
                0x00000000080007a4                __divdf3
                0x00000000080007a4                __aeabi_ddiv
 .text          0x0000000008000974      0x110 c:/st/stm32cubeide_1.5.1/stm32cubeide/plugins/com.st.stm32cube.ide.mcu.externaltools.gnu-tools-for-stm32.9-2020-q2-update.win32_1.5.0.202011040924/tools/bin/../lib/gcc/arm-none-eabi/9.3.1/thumb/v7e-m+fp/hard\libgcc.a(_arm_cmpdf2.o)
                0x0000000008000974                __gtdf2
                0x0000000008000974                __gedf2
                0x000000000800097c                __ltdf2
                0x000000000800097c                __ledf2
                0x0000000008000984                __nedf2
                0x0000000008000984                __eqdf2
                0x0000000008000984                __cmpdf2
                0x0000000008000a00                __aeabi_cdrcmple
                0x0000000008000a10                __aeabi_cdcmpeq
                0x0000000008000a10                __aeabi_cdcmple
                0x0000000008000a20                __aeabi_dcmpeq
                0x0000000008000a34                __aeabi_dcmplt
                0x0000000008000a48                __aeabi_dcmple
                0x0000000008000a5c                __aeabi_dcmpge
                0x0000000008000a70                __aeabi_dcmpgt
 .text          0x0000000008000a84       0x40 c:/st/stm32cubeide_1.5.1/stm32cubeide/plugins/com.st.stm32cube.ide.mcu.externaltools.gnu-tools-for-stm32.9-2020-q2-update.win32_1.5.0.202011040924/tools/bin/../lib/gcc/arm-none-eabi/9.3.1/thumb/v7e-m+fp/hard\libgcc.a(_arm_fixunsdfsi.o)
                0x0000000008000a84                __aeabi_d2uiz
                0x0000000008000a84                __fixunsdfsi
 .text          0x0000000008000ac4       0xa0 c:/st/stm32cubeide_1.5.1/stm32cubeide/plugins/com.st.stm32cube.ide.mcu.externaltools.gnu-tools-for-stm32.9-2020-q2-update.win32_1.5.0.202011040924/tools/bin/../lib/gcc/arm-none-eabi/9.3.1/thumb/v7e-m+fp/hard\libgcc.a(_arm_truncdfsf2.o)
                0x0000000008000ac4                __truncdfsf2
                0x0000000008000ac4                __aeabi_d2f
 .text          0x0000000008000b64      0x21c c:/st/stm32cubeide_1.5.1/stm32cubeide/plugins/com.st.stm32cube.ide.mcu.externaltools.gnu-tools-for-stm32.9-2020-q2-update.win32_1.5.0.202011040924/tools/bin/../lib/gcc/arm-none-eabi/9.3.1/thumb/v7e-m+fp/hard\libgcc.a(_arm_addsubsf3.o)
                0x0000000008000b64                __aeabi_frsub
                0x0000000008000b6c                __subsf3
                0x0000000008000b6c                __aeabi_fsub
                0x0000000008000b70                __aeabi_fadd
                0x0000000008000b70                __addsf3
                0x0000000008000cd0                __aeabi_ui2f
                0x0000000008000cd0                __floatunsisf
                0x0000000008000cd8                __aeabi_i2f
                0x0000000008000cd8                __floatsisf
                0x0000000008000cf4                __aeabi_ul2f
                0x0000000008000cf4                __floatundisf
                0x0000000008000d04                __aeabi_l2f
                0x0000000008000d04                __floatdisf
 .text          0x0000000008000d80       0x30 c:/st/stm32cubeide_1.5.1/stm32cubeide/plugins/com.st.stm32cube.ide.mcu.externaltools.gnu-tools-for-stm32.9-2020-q2-update.win32_1.5.0.202011040924/tools/bin/../lib/gcc/arm-none-eabi/9.3.1/thumb/v7e-m+fp/hard\libgcc.a(_aeabi_uldivmod.o)
                0x0000000008000d80                __aeabi_uldivmod
 .text          0x0000000008000db0      0x2c4 c:/st/stm32cubeide_1.5.1/stm32cubeide/plugins/com.st.stm32cube.ide.mcu.externaltools.gnu-tools-for-stm32.9-2020-q2-update.win32_1.5.0.202011040924/tools/bin/../lib/gcc/arm-none-eabi/9.3.1/thumb/v7e-m+fp/hard\libgcc.a(_udivmoddi4.o)
                0x0000000008000db0                __udivmoddi4
 .text          0x0000000008001074        0x4 c:/st/stm32cubeide_1.5.1/stm32cubeide/plugins/com.st.stm32cube.ide.mcu.externaltools.gnu-tools-for-stm32.9-2020-q2-update.win32_1.5.0.202011040924/tools/bin/../lib/gcc/arm-none-eabi/9.3.1/thumb/v7e-m+fp/hard\libgcc.a(_dvmd_tls.o)
                0x0000000008001074                __aeabi_idiv0
                0x0000000008001074                __aeabi_ldiv0
 *(.text*)
 .text.main     0x0000000008001078      0x410 Core/Src/main.o
                0x0000000008001078                main
 .text.SystemClock_Config
                0x0000000008001488       0xd0 Core/Src/main.o
                0x0000000008001488                SystemClock_Config
 .text.MX_I2C1_Init
                0x0000000008001558       0x5c Core/Src/main.o
 .text.MX_TIM1_Init
                0x00000000080015b4       0xb0 Core/Src/main.o
 .text.MX_TIM2_Init
                0x0000000008001664       0xa4 Core/Src/main.o
 .text.MX_TIM3_Init
                0x0000000008001708       0xec Core/Src/main.o
 .text.MX_TIM4_Init
                0x00000000080017f4       0x9c Core/Src/main.o
 .text.MX_USART2_UART_Init
                0x0000000008001890       0x58 Core/Src/main.o
 .text.MX_DMA_Init
                0x00000000080018e8       0x50 Core/Src/main.o
 .text.MX_GPIO_Init
                0x0000000008001938      0x14c Core/Src/main.o
 .text.Encoder_Velocity_Update
                0x0000000008001a84       0xa8 Core/Src/main.o
                0x0000000008001a84                Encoder_Velocity_Update
 .text.Encoder_Position_Update
                0x0000000008001b2c       0xe0 Core/Src/main.o
                0x0000000008001b2c                Encoder_Position_Update
 *fill*         0x0000000008001c0c        0x4 
 .text.quintic  0x0000000008001c10      0x584 Core/Src/main.o
                0x0000000008001c10                quintic
 .text.cascade_control_with_feed_forward
                0x0000000008002194      0x34c Core/Src/main.o
                0x0000000008002194                cascade_control_with_feed_forward
 .text.Kalman_Filter
                0x00000000080024e0      0x3b8 Core/Src/main.o
                0x00000000080024e0                Kalman_Filter
 .text.Home_Setting
                0x0000000008002898      0x320 Core/Src/main.o
                0x0000000008002898                Home_Setting
 .text.UARTInit
                0x0000000008002bb8       0x50 Core/Src/main.o
                0x0000000008002bb8                UARTInit
 .text.UARTResetStart
                0x0000000008002c08       0x22 Core/Src/main.o
                0x0000000008002c08                UARTResetStart
 .text.UARTGetRxHead
                0x0000000008002c2a       0x26 Core/Src/main.o
                0x0000000008002c2a                UARTGetRxHead
 .text.UARTReadChar
                0x0000000008002c50       0x54 Core/Src/main.o
                0x0000000008002c50                UARTReadChar
 .text.UARTTxDumpBuffer
                0x0000000008002ca4       0xa0 Core/Src/main.o
                0x0000000008002ca4                UARTTxDumpBuffer
 .text.UARTTxWrite
                0x0000000008002d44       0x90 Core/Src/main.o
                0x0000000008002d44                UARTTxWrite
 .text.UART_Protocol
                0x0000000008002dd4      0x5fc Core/Src/main.o
                0x0000000008002dd4                UART_Protocol
 .text.UART_Do_Command
                0x00000000080033d0      0x2dc Core/Src/main.o
                0x00000000080033d0                UART_Do_Command
 .text.Decimal2High
                0x00000000080036ac       0x1e Core/Src/main.o
                0x00000000080036ac                Decimal2High
 .text.Decimal2Low
                0x00000000080036ca       0x1a Core/Src/main.o
                0x00000000080036ca                Decimal2Low
 .text.HighLow2Decimal
                0x00000000080036e4       0x30 Core/Src/main.o
                0x00000000080036e4                HighLow2Decimal
 .text.HAL_TIM_PeriodElapsedCallback
                0x0000000008003714       0x38 Core/Src/main.o
                0x0000000008003714                HAL_TIM_PeriodElapsedCallback
 .text.micros   0x000000000800374c       0x34 Core/Src/main.o
                0x000000000800374c                micros
 .text.Error_Handler
                0x0000000008003780        0xa Core/Src/main.o
                0x0000000008003780                Error_Handler
 *fill*         0x000000000800378a        0x2 
 .text.HAL_MspInit
                0x000000000800378c       0x50 Core/Src/stm32f4xx_hal_msp.o
                0x000000000800378c                HAL_MspInit
 .text.HAL_I2C_MspInit
                0x00000000080037dc       0x90 Core/Src/stm32f4xx_hal_msp.o
                0x00000000080037dc                HAL_I2C_MspInit
 .text.HAL_TIM_Encoder_MspInit
                0x000000000800386c       0x90 Core/Src/stm32f4xx_hal_msp.o
                0x000000000800386c                HAL_TIM_Encoder_MspInit
 .text.HAL_TIM_Base_MspInit
                0x00000000080038fc       0xb4 Core/Src/stm32f4xx_hal_msp.o
                0x00000000080038fc                HAL_TIM_Base_MspInit
 .text.HAL_TIM_MspPostInit
                0x00000000080039b0       0x74 Core/Src/stm32f4xx_hal_msp.o
                0x00000000080039b0                HAL_TIM_MspPostInit
 .text.HAL_UART_MspInit
                0x0000000008003a24      0x16c Core/Src/stm32f4xx_hal_msp.o
                0x0000000008003a24                HAL_UART_MspInit
 .text.NMI_Handler
                0x0000000008003b90        0x6 Core/Src/stm32f4xx_it.o
                0x0000000008003b90                NMI_Handler
 .text.HardFault_Handler
                0x0000000008003b96        0x6 Core/Src/stm32f4xx_it.o
                0x0000000008003b96                HardFault_Handler
 .text.MemManage_Handler
                0x0000000008003b9c        0x6 Core/Src/stm32f4xx_it.o
                0x0000000008003b9c                MemManage_Handler
 .text.BusFault_Handler
                0x0000000008003ba2        0x6 Core/Src/stm32f4xx_it.o
                0x0000000008003ba2                BusFault_Handler
 .text.UsageFault_Handler
                0x0000000008003ba8        0x6 Core/Src/stm32f4xx_it.o
                0x0000000008003ba8                UsageFault_Handler
 .text.SVC_Handler
                0x0000000008003bae        0xe Core/Src/stm32f4xx_it.o
                0x0000000008003bae                SVC_Handler
 .text.DebugMon_Handler
                0x0000000008003bbc        0xe Core/Src/stm32f4xx_it.o
                0x0000000008003bbc                DebugMon_Handler
 .text.PendSV_Handler
                0x0000000008003bca        0xe Core/Src/stm32f4xx_it.o
                0x0000000008003bca                PendSV_Handler
 .text.SysTick_Handler
                0x0000000008003bd8        0xc Core/Src/stm32f4xx_it.o
                0x0000000008003bd8                SysTick_Handler
 .text.DMA1_Stream5_IRQHandler
                0x0000000008003be4       0x14 Core/Src/stm32f4xx_it.o
                0x0000000008003be4                DMA1_Stream5_IRQHandler
 .text.DMA1_Stream6_IRQHandler
                0x0000000008003bf8       0x14 Core/Src/stm32f4xx_it.o
                0x0000000008003bf8                DMA1_Stream6_IRQHandler
 .text.TIM2_IRQHandler
                0x0000000008003c0c       0x14 Core/Src/stm32f4xx_it.o
                0x0000000008003c0c                TIM2_IRQHandler
 .text.TIM4_IRQHandler
                0x0000000008003c20       0x14 Core/Src/stm32f4xx_it.o
                0x0000000008003c20                TIM4_IRQHandler
 .text.USART2_IRQHandler
                0x0000000008003c34       0x14 Core/Src/stm32f4xx_it.o
                0x0000000008003c34                USART2_IRQHandler
 .text.EXTI15_10_IRQHandler
                0x0000000008003c48       0x10 Core/Src/stm32f4xx_it.o
                0x0000000008003c48                EXTI15_10_IRQHandler
 .text._sbrk    0x0000000008003c58       0x6c Core/Src/sysmem.o
                0x0000000008003c58                _sbrk
 .text.SystemInit
                0x0000000008003cc4       0x24 Core/Src/system_stm32f4xx.o
                0x0000000008003cc4                SystemInit
 .text.Reset_Handler
                0x0000000008003ce8       0x50 Core/Startup/startup_stm32f411retx.o
                0x0000000008003ce8                Reset_Handler
 .text.Default_Handler
                0x0000000008003d38        0x2 Core/Startup/startup_stm32f411retx.o
                0x0000000008003d38                RTC_Alarm_IRQHandler
                0x0000000008003d38                EXTI2_IRQHandler
                0x0000000008003d38                SPI4_IRQHandler
                0x0000000008003d38                TIM1_CC_IRQHandler
                0x0000000008003d38                DMA2_Stream5_IRQHandler
                0x0000000008003d38                PVD_IRQHandler
                0x0000000008003d38                SDIO_IRQHandler
                0x0000000008003d38                TAMP_STAMP_IRQHandler
                0x0000000008003d38                EXTI3_IRQHandler
                0x0000000008003d38                TIM1_UP_TIM10_IRQHandler
                0x0000000008003d38                I2C3_ER_IRQHandler
                0x0000000008003d38                EXTI0_IRQHandler
                0x0000000008003d38                I2C2_EV_IRQHandler
                0x0000000008003d38                DMA1_Stream2_IRQHandler
                0x0000000008003d38                FPU_IRQHandler
                0x0000000008003d38                DMA2_Stream2_IRQHandler
                0x0000000008003d38                SPI1_IRQHandler
                0x0000000008003d38                TIM1_BRK_TIM9_IRQHandler
                0x0000000008003d38                DMA2_Stream3_IRQHandler
                0x0000000008003d38                USART6_IRQHandler
                0x0000000008003d38                DMA2_Stream0_IRQHandler
                0x0000000008003d38                I2C1_EV_IRQHandler
                0x0000000008003d38                DMA1_Stream1_IRQHandler
                0x0000000008003d38                TIM3_IRQHandler
                0x0000000008003d38                RCC_IRQHandler
                0x0000000008003d38                Default_Handler
                0x0000000008003d38                ADC_IRQHandler
                0x0000000008003d38                DMA1_Stream7_IRQHandler
                0x0000000008003d38                SPI5_IRQHandler
                0x0000000008003d38                TIM5_IRQHandler
                0x0000000008003d38                DMA2_Stream7_IRQHandler
                0x0000000008003d38                I2C3_EV_IRQHandler
                0x0000000008003d38                EXTI9_5_IRQHandler
                0x0000000008003d38                RTC_WKUP_IRQHandler
                0x0000000008003d38                SPI2_IRQHandler
                0x0000000008003d38                DMA1_Stream0_IRQHandler
                0x0000000008003d38                EXTI4_IRQHandler
                0x0000000008003d38                WWDG_IRQHandler
                0x0000000008003d38                OTG_FS_WKUP_IRQHandler
                0x0000000008003d38                TIM1_TRG_COM_TIM11_IRQHandler
                0x0000000008003d38                EXTI1_IRQHandler
                0x0000000008003d38                I2C2_ER_IRQHandler
                0x0000000008003d38                DMA2_Stream1_IRQHandler
                0x0000000008003d38                FLASH_IRQHandler
                0x0000000008003d38                DMA2_Stream4_IRQHandler
                0x0000000008003d38                USART1_IRQHandler
                0x0000000008003d38                OTG_FS_IRQHandler
                0x0000000008003d38                SPI3_IRQHandler
                0x0000000008003d38                DMA1_Stream4_IRQHandler
                0x0000000008003d38                I2C1_ER_IRQHandler
                0x0000000008003d38                DMA2_Stream6_IRQHandler
                0x0000000008003d38                DMA1_Stream3_IRQHandler
 *fill*         0x0000000008003d3a        0x2 
 .text.HAL_Init
                0x0000000008003d3c       0x44 Drivers/STM32F4xx_HAL_Driver/Src/stm32f4xx_hal.o
                0x0000000008003d3c                HAL_Init
 .text.HAL_InitTick
                0x0000000008003d80       0x60 Drivers/STM32F4xx_HAL_Driver/Src/stm32f4xx_hal.o
                0x0000000008003d80                HAL_InitTick
 .text.HAL_IncTick
                0x0000000008003de0       0x28 Drivers/STM32F4xx_HAL_Driver/Src/stm32f4xx_hal.o
                0x0000000008003de0                HAL_IncTick
 .text.HAL_GetTick
                0x0000000008003e08       0x18 Drivers/STM32F4xx_HAL_Driver/Src/stm32f4xx_hal.o
                0x0000000008003e08                HAL_GetTick
 .text.HAL_Delay
                0x0000000008003e20       0x48 Drivers/STM32F4xx_HAL_Driver/Src/stm32f4xx_hal.o
                0x0000000008003e20                HAL_Delay
 .text.__NVIC_SetPriorityGrouping
                0x0000000008003e68       0x48 Drivers/STM32F4xx_HAL_Driver/Src/stm32f4xx_hal_cortex.o
 .text.__NVIC_GetPriorityGrouping
                0x0000000008003eb0       0x1c Drivers/STM32F4xx_HAL_Driver/Src/stm32f4xx_hal_cortex.o
 .text.__NVIC_EnableIRQ
                0x0000000008003ecc       0x3c Drivers/STM32F4xx_HAL_Driver/Src/stm32f4xx_hal_cortex.o
 .text.__NVIC_SetPriority
                0x0000000008003f08       0x54 Drivers/STM32F4xx_HAL_Driver/Src/stm32f4xx_hal_cortex.o
 .text.NVIC_EncodePriority
                0x0000000008003f5c       0x66 Drivers/STM32F4xx_HAL_Driver/Src/stm32f4xx_hal_cortex.o
 *fill*         0x0000000008003fc2        0x2 
 .text.SysTick_Config
                0x0000000008003fc4       0x44 Drivers/STM32F4xx_HAL_Driver/Src/stm32f4xx_hal_cortex.o
 .text.HAL_NVIC_SetPriorityGrouping
                0x0000000008004008       0x16 Drivers/STM32F4xx_HAL_Driver/Src/stm32f4xx_hal_cortex.o
                0x0000000008004008                HAL_NVIC_SetPriorityGrouping
 .text.HAL_NVIC_SetPriority
                0x000000000800401e       0x38 Drivers/STM32F4xx_HAL_Driver/Src/stm32f4xx_hal_cortex.o
                0x000000000800401e                HAL_NVIC_SetPriority
 .text.HAL_NVIC_EnableIRQ
                0x0000000008004056       0x1c Drivers/STM32F4xx_HAL_Driver/Src/stm32f4xx_hal_cortex.o
                0x0000000008004056                HAL_NVIC_EnableIRQ
 .text.HAL_SYSTICK_Config
                0x0000000008004072       0x18 Drivers/STM32F4xx_HAL_Driver/Src/stm32f4xx_hal_cortex.o
                0x0000000008004072                HAL_SYSTICK_Config
 *fill*         0x000000000800408a        0x2 
 .text.HAL_DMA_Init
                0x000000000800408c      0x15c Drivers/STM32F4xx_HAL_Driver/Src/stm32f4xx_hal_dma.o
                0x000000000800408c                HAL_DMA_Init
 .text.HAL_DMA_Start_IT
                0x00000000080041e8       0xb0 Drivers/STM32F4xx_HAL_Driver/Src/stm32f4xx_hal_dma.o
                0x00000000080041e8                HAL_DMA_Start_IT
 .text.HAL_DMA_Abort
                0x0000000008004298       0xe0 Drivers/STM32F4xx_HAL_Driver/Src/stm32f4xx_hal_dma.o
                0x0000000008004298                HAL_DMA_Abort
 .text.HAL_DMA_Abort_IT
                0x0000000008004378       0x44 Drivers/STM32F4xx_HAL_Driver/Src/stm32f4xx_hal_dma.o
                0x0000000008004378                HAL_DMA_Abort_IT
 .text.HAL_DMA_IRQHandler
                0x00000000080043bc      0x314 Drivers/STM32F4xx_HAL_Driver/Src/stm32f4xx_hal_dma.o
                0x00000000080043bc                HAL_DMA_IRQHandler
 .text.DMA_SetConfig
                0x00000000080046d0       0x5c Drivers/STM32F4xx_HAL_Driver/Src/stm32f4xx_hal_dma.o
 .text.DMA_CalcBaseAndBitshift
                0x000000000800472c       0x6c Drivers/STM32F4xx_HAL_Driver/Src/stm32f4xx_hal_dma.o
 .text.DMA_CheckFifoParam
                0x0000000008004798       0xf8 Drivers/STM32F4xx_HAL_Driver/Src/stm32f4xx_hal_dma.o
 .text.HAL_GPIO_Init
                0x0000000008004890      0x308 Drivers/STM32F4xx_HAL_Driver/Src/stm32f4xx_hal_gpio.o
                0x0000000008004890                HAL_GPIO_Init
 .text.HAL_GPIO_ReadPin
                0x0000000008004b98       0x30 Drivers/STM32F4xx_HAL_Driver/Src/stm32f4xx_hal_gpio.o
                0x0000000008004b98                HAL_GPIO_ReadPin
 .text.HAL_GPIO_WritePin
                0x0000000008004bc8       0x32 Drivers/STM32F4xx_HAL_Driver/Src/stm32f4xx_hal_gpio.o
                0x0000000008004bc8                HAL_GPIO_WritePin
 *fill*         0x0000000008004bfa        0x2 
 .text.HAL_GPIO_EXTI_IRQHandler
                0x0000000008004bfc       0x30 Drivers/STM32F4xx_HAL_Driver/Src/stm32f4xx_hal_gpio.o
                0x0000000008004bfc                HAL_GPIO_EXTI_IRQHandler
 .text.HAL_GPIO_EXTI_Callback
                0x0000000008004c2c       0x16 Drivers/STM32F4xx_HAL_Driver/Src/stm32f4xx_hal_gpio.o
                0x0000000008004c2c                HAL_GPIO_EXTI_Callback
 *fill*         0x0000000008004c42        0x2 
 .text.HAL_I2C_Init
                0x0000000008004c44      0x288 Drivers/STM32F4xx_HAL_Driver/Src/stm32f4xx_hal_i2c.o
                0x0000000008004c44                HAL_I2C_Init
 .text.HAL_I2C_Master_Transmit
                0x0000000008004ecc      0x1fc Drivers/STM32F4xx_HAL_Driver/Src/stm32f4xx_hal_i2c.o
                0x0000000008004ecc                HAL_I2C_Master_Transmit
 .text.HAL_I2C_Master_Receive
                0x00000000080050c8      0x44c Drivers/STM32F4xx_HAL_Driver/Src/stm32f4xx_hal_i2c.o
                0x00000000080050c8                HAL_I2C_Master_Receive
 .text.I2C_MasterRequestWrite
                0x0000000008005514      0x104 Drivers/STM32F4xx_HAL_Driver/Src/stm32f4xx_hal_i2c.o
 .text.I2C_MasterRequestRead
                0x0000000008005618      0x19c Drivers/STM32F4xx_HAL_Driver/Src/stm32f4xx_hal_i2c.o
 .text.I2C_WaitOnFlagUntilTimeout
                0x00000000080057b4       0xae Drivers/STM32F4xx_HAL_Driver/Src/stm32f4xx_hal_i2c.o
 .text.I2C_WaitOnMasterAddressFlagUntilTimeout
                0x0000000008005862       0xfe Drivers/STM32F4xx_HAL_Driver/Src/stm32f4xx_hal_i2c.o
 .text.I2C_WaitOnTXEFlagUntilTimeout
                0x0000000008005960       0x82 Drivers/STM32F4xx_HAL_Driver/Src/stm32f4xx_hal_i2c.o
 .text.I2C_WaitOnBTFFlagUntilTimeout
                0x00000000080059e2       0x82 Drivers/STM32F4xx_HAL_Driver/Src/stm32f4xx_hal_i2c.o
 .text.I2C_WaitOnRXNEFlagUntilTimeout
                0x0000000008005a64       0xac Drivers/STM32F4xx_HAL_Driver/Src/stm32f4xx_hal_i2c.o
 .text.I2C_IsAcknowledgeFailed
                0x0000000008005b10       0x5e Drivers/STM32F4xx_HAL_Driver/Src/stm32f4xx_hal_i2c.o
 *fill*         0x0000000008005b6e        0x2 
 .text.HAL_RCC_OscConfig
                0x0000000008005b70      0x4f0 Drivers/STM32F4xx_HAL_Driver/Src/stm32f4xx_hal_rcc.o
                0x0000000008005b70                HAL_RCC_OscConfig
 .text.HAL_RCC_ClockConfig
                0x0000000008006060      0x1cc Drivers/STM32F4xx_HAL_Driver/Src/stm32f4xx_hal_rcc.o
                0x0000000008006060                HAL_RCC_ClockConfig
 .text.HAL_RCC_GetSysClockFreq
                0x000000000800622c      0x1c4 Drivers/STM32F4xx_HAL_Driver/Src/stm32f4xx_hal_rcc.o
                0x000000000800622c                HAL_RCC_GetSysClockFreq
 .text.HAL_RCC_GetHCLKFreq
                0x00000000080063f0       0x18 Drivers/STM32F4xx_HAL_Driver/Src/stm32f4xx_hal_rcc.o
                0x00000000080063f0                HAL_RCC_GetHCLKFreq
 .text.HAL_RCC_GetPCLK1Freq
                0x0000000008006408       0x28 Drivers/STM32F4xx_HAL_Driver/Src/stm32f4xx_hal_rcc.o
                0x0000000008006408                HAL_RCC_GetPCLK1Freq
 .text.HAL_RCC_GetPCLK2Freq
                0x0000000008006430       0x28 Drivers/STM32F4xx_HAL_Driver/Src/stm32f4xx_hal_rcc.o
                0x0000000008006430                HAL_RCC_GetPCLK2Freq
 .text.HAL_TIM_Base_Init
                0x0000000008006458       0x9e Drivers/STM32F4xx_HAL_Driver/Src/stm32f4xx_hal_tim.o
                0x0000000008006458                HAL_TIM_Base_Init
 *fill*         0x00000000080064f6        0x2 
 .text.HAL_TIM_Base_Start
                0x00000000080064f8       0xb4 Drivers/STM32F4xx_HAL_Driver/Src/stm32f4xx_hal_tim.o
                0x00000000080064f8                HAL_TIM_Base_Start
 .text.HAL_TIM_Base_Start_IT
                0x00000000080065ac       0xc4 Drivers/STM32F4xx_HAL_Driver/Src/stm32f4xx_hal_tim.o
                0x00000000080065ac                HAL_TIM_Base_Start_IT
 .text.HAL_TIM_PWM_Init
                0x0000000008006670       0x9e Drivers/STM32F4xx_HAL_Driver/Src/stm32f4xx_hal_tim.o
                0x0000000008006670                HAL_TIM_PWM_Init
 .text.HAL_TIM_PWM_MspInit
                0x000000000800670e       0x14 Drivers/STM32F4xx_HAL_Driver/Src/stm32f4xx_hal_tim.o
                0x000000000800670e                HAL_TIM_PWM_MspInit
 *fill*         0x0000000008006722        0x2 
 .text.HAL_TIM_PWM_Start
                0x0000000008006724      0x160 Drivers/STM32F4xx_HAL_Driver/Src/stm32f4xx_hal_tim.o
                0x0000000008006724                HAL_TIM_PWM_Start
 .text.HAL_TIM_Encoder_Init
                0x0000000008006884      0x14c Drivers/STM32F4xx_HAL_Driver/Src/stm32f4xx_hal_tim.o
                0x0000000008006884                HAL_TIM_Encoder_Init
 .text.HAL_TIM_Encoder_Start
                0x00000000080069d0      0x11c Drivers/STM32F4xx_HAL_Driver/Src/stm32f4xx_hal_tim.o
                0x00000000080069d0                HAL_TIM_Encoder_Start
 .text.HAL_TIM_IRQHandler
                0x0000000008006aec      0x210 Drivers/STM32F4xx_HAL_Driver/Src/stm32f4xx_hal_tim.o
                0x0000000008006aec                HAL_TIM_IRQHandler
 .text.HAL_TIM_PWM_ConfigChannel
                0x0000000008006cfc      0x17c Drivers/STM32F4xx_HAL_Driver/Src/stm32f4xx_hal_tim.o
                0x0000000008006cfc                HAL_TIM_PWM_ConfigChannel
 .text.HAL_TIM_ConfigClockSource
                0x0000000008006e78      0x188 Drivers/STM32F4xx_HAL_Driver/Src/stm32f4xx_hal_tim.o
                0x0000000008006e78                HAL_TIM_ConfigClockSource
 .text.HAL_TIM_OC_DelayElapsedCallback
                0x0000000008007000       0x14 Drivers/STM32F4xx_HAL_Driver/Src/stm32f4xx_hal_tim.o
                0x0000000008007000                HAL_TIM_OC_DelayElapsedCallback
 .text.HAL_TIM_IC_CaptureCallback
                0x0000000008007014       0x14 Drivers/STM32F4xx_HAL_Driver/Src/stm32f4xx_hal_tim.o
                0x0000000008007014                HAL_TIM_IC_CaptureCallback
 .text.HAL_TIM_PWM_PulseFinishedCallback
                0x0000000008007028       0x14 Drivers/STM32F4xx_HAL_Driver/Src/stm32f4xx_hal_tim.o
                0x0000000008007028                HAL_TIM_PWM_PulseFinishedCallback
 .text.HAL_TIM_TriggerCallback
                0x000000000800703c       0x14 Drivers/STM32F4xx_HAL_Driver/Src/stm32f4xx_hal_tim.o
                0x000000000800703c                HAL_TIM_TriggerCallback
 .text.TIM_Base_SetConfig
                0x0000000008007050      0x100 Drivers/STM32F4xx_HAL_Driver/Src/stm32f4xx_hal_tim.o
                0x0000000008007050                TIM_Base_SetConfig
 .text.TIM_OC1_SetConfig
                0x0000000008007150       0xcc Drivers/STM32F4xx_HAL_Driver/Src/stm32f4xx_hal_tim.o
 .text.TIM_OC2_SetConfig
                0x000000000800721c       0xd8 Drivers/STM32F4xx_HAL_Driver/Src/stm32f4xx_hal_tim.o
                0x000000000800721c                TIM_OC2_SetConfig
 .text.TIM_OC3_SetConfig
                0x00000000080072f4       0xd4 Drivers/STM32F4xx_HAL_Driver/Src/stm32f4xx_hal_tim.o
 .text.TIM_OC4_SetConfig
                0x00000000080073c8       0xa0 Drivers/STM32F4xx_HAL_Driver/Src/stm32f4xx_hal_tim.o
 .text.TIM_TI1_ConfigInputStage
                0x0000000008007468       0x5e Drivers/STM32F4xx_HAL_Driver/Src/stm32f4xx_hal_tim.o
 .text.TIM_TI2_ConfigInputStage
                0x00000000080074c6       0x60 Drivers/STM32F4xx_HAL_Driver/Src/stm32f4xx_hal_tim.o
 .text.TIM_ITRx_SetConfig
                0x0000000008007526       0x36 Drivers/STM32F4xx_HAL_Driver/Src/stm32f4xx_hal_tim.o
 .text.TIM_ETR_SetConfig
                0x000000000800755c       0x40 Drivers/STM32F4xx_HAL_Driver/Src/stm32f4xx_hal_tim.o
                0x000000000800755c                TIM_ETR_SetConfig
 .text.TIM_CCxChannelCmd
                0x000000000800759c       0x4a Drivers/STM32F4xx_HAL_Driver/Src/stm32f4xx_hal_tim.o
                0x000000000800759c                TIM_CCxChannelCmd
 *fill*         0x00000000080075e6        0x2 
 .text.HAL_TIMEx_MasterConfigSynchronization
                0x00000000080075e8       0xdc Drivers/STM32F4xx_HAL_Driver/Src/stm32f4xx_hal_tim_ex.o
                0x00000000080075e8                HAL_TIMEx_MasterConfigSynchronization
 .text.HAL_TIMEx_CommutCallback
                0x00000000080076c4       0x14 Drivers/STM32F4xx_HAL_Driver/Src/stm32f4xx_hal_tim_ex.o
                0x00000000080076c4                HAL_TIMEx_CommutCallback
 .text.HAL_TIMEx_BreakCallback
                0x00000000080076d8       0x14 Drivers/STM32F4xx_HAL_Driver/Src/stm32f4xx_hal_tim_ex.o
                0x00000000080076d8                HAL_TIMEx_BreakCallback
 .text.HAL_UART_Init
                0x00000000080076ec       0x9a Drivers/STM32F4xx_HAL_Driver/Src/stm32f4xx_hal_uart.o
                0x00000000080076ec                HAL_UART_Init
 *fill*         0x0000000008007786        0x2 
 .text.HAL_UART_Transmit_DMA
                0x0000000008007788       0xd8 Drivers/STM32F4xx_HAL_Driver/Src/stm32f4xx_hal_uart.o
                0x0000000008007788                HAL_UART_Transmit_DMA
 .text.HAL_UART_Receive_DMA
                0x0000000008007860       0x60 Drivers/STM32F4xx_HAL_Driver/Src/stm32f4xx_hal_uart.o
                0x0000000008007860                HAL_UART_Receive_DMA
 .text.HAL_UART_IRQHandler
                0x00000000080078c0      0x358 Drivers/STM32F4xx_HAL_Driver/Src/stm32f4xx_hal_uart.o
                0x00000000080078c0                HAL_UART_IRQHandler
 .text.HAL_UART_TxCpltCallback
                0x0000000008007c18       0x14 Drivers/STM32F4xx_HAL_Driver/Src/stm32f4xx_hal_uart.o
                0x0000000008007c18                HAL_UART_TxCpltCallback
 .text.HAL_UART_TxHalfCpltCallback
                0x0000000008007c2c       0x14 Drivers/STM32F4xx_HAL_Driver/Src/stm32f4xx_hal_uart.o
                0x0000000008007c2c                HAL_UART_TxHalfCpltCallback
 .text.HAL_UART_RxCpltCallback
                0x0000000008007c40       0x14 Drivers/STM32F4xx_HAL_Driver/Src/stm32f4xx_hal_uart.o
                0x0000000008007c40                HAL_UART_RxCpltCallback
 .text.HAL_UART_RxHalfCpltCallback
                0x0000000008007c54       0x14 Drivers/STM32F4xx_HAL_Driver/Src/stm32f4xx_hal_uart.o
                0x0000000008007c54                HAL_UART_RxHalfCpltCallback
 .text.HAL_UART_ErrorCallback
                0x0000000008007c68       0x14 Drivers/STM32F4xx_HAL_Driver/Src/stm32f4xx_hal_uart.o
                0x0000000008007c68                HAL_UART_ErrorCallback
 .text.HAL_UARTEx_RxEventCallback
                0x0000000008007c7c       0x18 Drivers/STM32F4xx_HAL_Driver/Src/stm32f4xx_hal_uart.o
                0x0000000008007c7c                HAL_UARTEx_RxEventCallback
 .text.UART_DMATransmitCplt
                0x0000000008007c94       0x52 Drivers/STM32F4xx_HAL_Driver/Src/stm32f4xx_hal_uart.o
 .text.UART_DMATxHalfCplt
                0x0000000008007ce6       0x1c Drivers/STM32F4xx_HAL_Driver/Src/stm32f4xx_hal_uart.o
 .text.UART_DMAReceiveCplt
                0x0000000008007d02       0x96 Drivers/STM32F4xx_HAL_Driver/Src/stm32f4xx_hal_uart.o
 .text.UART_DMARxHalfCplt
                0x0000000008007d98       0x36 Drivers/STM32F4xx_HAL_Driver/Src/stm32f4xx_hal_uart.o
 .text.UART_DMAError
                0x0000000008007dce       0x94 Drivers/STM32F4xx_HAL_Driver/Src/stm32f4xx_hal_uart.o
 *fill*         0x0000000008007e62        0x2 
 .text.UART_Start_Receive_DMA
                0x0000000008007e64       0xc8 Drivers/STM32F4xx_HAL_Driver/Src/stm32f4xx_hal_uart.o
                0x0000000008007e64                UART_Start_Receive_DMA
 .text.UART_EndTxTransfer
                0x0000000008007f2c       0x2c Drivers/STM32F4xx_HAL_Driver/Src/stm32f4xx_hal_uart.o
 .text.UART_EndRxTransfer
                0x0000000008007f58       0x5a Drivers/STM32F4xx_HAL_Driver/Src/stm32f4xx_hal_uart.o
 .text.UART_DMAAbortOnError
                0x0000000008007fb2       0x28 Drivers/STM32F4xx_HAL_Driver/Src/stm32f4xx_hal_uart.o
 .text.UART_Transmit_IT
                0x0000000008007fda       0xa0 Drivers/STM32F4xx_HAL_Driver/Src/stm32f4xx_hal_uart.o
 .text.UART_EndTransmit_IT
                0x000000000800807a       0x30 Drivers/STM32F4xx_HAL_Driver/Src/stm32f4xx_hal_uart.o
 .text.UART_Receive_IT
                0x00000000080080aa      0x12e Drivers/STM32F4xx_HAL_Driver/Src/stm32f4xx_hal_uart.o
 .text.UART_SetConfig
                0x00000000080081d8      0x390 Drivers/STM32F4xx_HAL_Driver/Src/stm32f4xx_hal_uart.o
 .text.calloc   0x0000000008008568       0x10 c:/st/stm32cubeide_1.5.1/stm32cubeide/plugins/com.st.stm32cube.ide.mcu.externaltools.gnu-tools-for-stm32.9-2020-q2-update.win32_1.5.0.202011040924/tools/bin/../lib/gcc/arm-none-eabi/9.3.1/../../../../arm-none-eabi/lib/thumb/v7e-m+fp/hard\libc_nano.a(lib_a-calloc.o)
                0x0000000008008568                calloc
 .text.__errno  0x0000000008008578        0xc c:/st/stm32cubeide_1.5.1/stm32cubeide/plugins/com.st.stm32cube.ide.mcu.externaltools.gnu-tools-for-stm32.9-2020-q2-update.win32_1.5.0.202011040924/tools/bin/../lib/gcc/arm-none-eabi/9.3.1/../../../../arm-none-eabi/lib/thumb/v7e-m+fp/hard\libc_nano.a(lib_a-errno.o)
                0x0000000008008578                __errno
 .text.__libc_init_array
                0x0000000008008584       0x48 c:/st/stm32cubeide_1.5.1/stm32cubeide/plugins/com.st.stm32cube.ide.mcu.externaltools.gnu-tools-for-stm32.9-2020-q2-update.win32_1.5.0.202011040924/tools/bin/../lib/gcc/arm-none-eabi/9.3.1/../../../../arm-none-eabi/lib/thumb/v7e-m+fp/hard\libc_nano.a(lib_a-init.o)
                0x0000000008008584                __libc_init_array
 .text.memcpy   0x00000000080085cc       0x1c c:/st/stm32cubeide_1.5.1/stm32cubeide/plugins/com.st.stm32cube.ide.mcu.externaltools.gnu-tools-for-stm32.9-2020-q2-update.win32_1.5.0.202011040924/tools/bin/../lib/gcc/arm-none-eabi/9.3.1/../../../../arm-none-eabi/lib/thumb/v7e-m+fp/hard\libc_nano.a(lib_a-memcpy-stub.o)
                0x00000000080085cc                memcpy
 .text.memset   0x00000000080085e8       0x10 c:/st/stm32cubeide_1.5.1/stm32cubeide/plugins/com.st.stm32cube.ide.mcu.externaltools.gnu-tools-for-stm32.9-2020-q2-update.win32_1.5.0.202011040924/tools/bin/../lib/gcc/arm-none-eabi/9.3.1/../../../../arm-none-eabi/lib/thumb/v7e-m+fp/hard\libc_nano.a(lib_a-memset.o)
                0x00000000080085e8                memset
 .text._calloc_r
                0x00000000080085f8       0x1e c:/st/stm32cubeide_1.5.1/stm32cubeide/plugins/com.st.stm32cube.ide.mcu.externaltools.gnu-tools-for-stm32.9-2020-q2-update.win32_1.5.0.202011040924/tools/bin/../lib/gcc/arm-none-eabi/9.3.1/../../../../arm-none-eabi/lib/thumb/v7e-m+fp/hard\libc_nano.a(lib_a-nano-callocr.o)
                0x00000000080085f8                _calloc_r
 *fill*         0x0000000008008616        0x2 
 .text._malloc_r
                0x0000000008008618       0xb4 c:/st/stm32cubeide_1.5.1/stm32cubeide/plugins/com.st.stm32cube.ide.mcu.externaltools.gnu-tools-for-stm32.9-2020-q2-update.win32_1.5.0.202011040924/tools/bin/../lib/gcc/arm-none-eabi/9.3.1/../../../../arm-none-eabi/lib/thumb/v7e-m+fp/hard\libc_nano.a(lib_a-nano-mallocr.o)
                0x0000000008008618                _malloc_r
 .text._sbrk_r  0x00000000080086cc       0x20 c:/st/stm32cubeide_1.5.1/stm32cubeide/plugins/com.st.stm32cube.ide.mcu.externaltools.gnu-tools-for-stm32.9-2020-q2-update.win32_1.5.0.202011040924/tools/bin/../lib/gcc/arm-none-eabi/9.3.1/../../../../arm-none-eabi/lib/thumb/v7e-m+fp/hard\libc_nano.a(lib_a-sbrkr.o)
                0x00000000080086cc                _sbrk_r
 .text.__malloc_lock
                0x00000000080086ec        0xc c:/st/stm32cubeide_1.5.1/stm32cubeide/plugins/com.st.stm32cube.ide.mcu.externaltools.gnu-tools-for-stm32.9-2020-q2-update.win32_1.5.0.202011040924/tools/bin/../lib/gcc/arm-none-eabi/9.3.1/../../../../arm-none-eabi/lib/thumb/v7e-m+fp/hard\libc_nano.a(lib_a-mlock.o)
                0x00000000080086ec                __malloc_lock
 .text.__malloc_unlock
                0x00000000080086f8        0xc c:/st/stm32cubeide_1.5.1/stm32cubeide/plugins/com.st.stm32cube.ide.mcu.externaltools.gnu-tools-for-stm32.9-2020-q2-update.win32_1.5.0.202011040924/tools/bin/../lib/gcc/arm-none-eabi/9.3.1/../../../../arm-none-eabi/lib/thumb/v7e-m+fp/hard\libc_nano.a(lib_a-mlock.o)
                0x00000000080086f8                __malloc_unlock
 .text.__retarget_lock_acquire_recursive
                0x0000000008008704        0x2 c:/st/stm32cubeide_1.5.1/stm32cubeide/plugins/com.st.stm32cube.ide.mcu.externaltools.gnu-tools-for-stm32.9-2020-q2-update.win32_1.5.0.202011040924/tools/bin/../lib/gcc/arm-none-eabi/9.3.1/../../../../arm-none-eabi/lib/thumb/v7e-m+fp/hard\libc_nano.a(lib_a-lock.o)
                0x0000000008008704                __retarget_lock_acquire_recursive
 .text.__retarget_lock_release_recursive
                0x0000000008008706        0x2 c:/st/stm32cubeide_1.5.1/stm32cubeide/plugins/com.st.stm32cube.ide.mcu.externaltools.gnu-tools-for-stm32.9-2020-q2-update.win32_1.5.0.202011040924/tools/bin/../lib/gcc/arm-none-eabi/9.3.1/../../../../arm-none-eabi/lib/thumb/v7e-m+fp/hard\libc_nano.a(lib_a-lock.o)
                0x0000000008008706                __retarget_lock_release_recursive
 .text.round    0x0000000008008708       0x8c c:/st/stm32cubeide_1.5.1/stm32cubeide/plugins/com.st.stm32cube.ide.mcu.externaltools.gnu-tools-for-stm32.9-2020-q2-update.win32_1.5.0.202011040924/tools/bin/../lib/gcc/arm-none-eabi/9.3.1/../../../../arm-none-eabi/lib/thumb/v7e-m+fp/hard\libm.a(lib_a-s_round.o)
                0x0000000008008708                round
 .text.powf     0x0000000008008794      0x130 c:/st/stm32cubeide_1.5.1/stm32cubeide/plugins/com.st.stm32cube.ide.mcu.externaltools.gnu-tools-for-stm32.9-2020-q2-update.win32_1.5.0.202011040924/tools/bin/../lib/gcc/arm-none-eabi/9.3.1/../../../../arm-none-eabi/lib/thumb/v7e-m+fp/hard\libm.a(lib_a-wf_pow.o)
                0x0000000008008794                powf
 .text.sqrtf    0x00000000080088c4       0x4c c:/st/stm32cubeide_1.5.1/stm32cubeide/plugins/com.st.stm32cube.ide.mcu.externaltools.gnu-tools-for-stm32.9-2020-q2-update.win32_1.5.0.202011040924/tools/bin/../lib/gcc/arm-none-eabi/9.3.1/../../../../arm-none-eabi/lib/thumb/v7e-m+fp/hard\libm.a(lib_a-wf_sqrt.o)
                0x00000000080088c4                sqrtf
 .text.__ieee754_powf
                0x0000000008008910      0x580 c:/st/stm32cubeide_1.5.1/stm32cubeide/plugins/com.st.stm32cube.ide.mcu.externaltools.gnu-tools-for-stm32.9-2020-q2-update.win32_1.5.0.202011040924/tools/bin/../lib/gcc/arm-none-eabi/9.3.1/../../../../arm-none-eabi/lib/thumb/v7e-m+fp/hard\libm.a(lib_a-ef_pow.o)
                0x0000000008008910                __ieee754_powf
 .text.__ieee754_sqrtf
                0x0000000008008e90        0x6 c:/st/stm32cubeide_1.5.1/stm32cubeide/plugins/com.st.stm32cube.ide.mcu.externaltools.gnu-tools-for-stm32.9-2020-q2-update.win32_1.5.0.202011040924/tools/bin/../lib/gcc/arm-none-eabi/9.3.1/../../../../arm-none-eabi/lib/thumb/v7e-m+fp/hard\libm.a(lib_a-ef_sqrt.o)
                0x0000000008008e90                __ieee754_sqrtf
 .text.fabsf    0x0000000008008e96        0xe c:/st/stm32cubeide_1.5.1/stm32cubeide/plugins/com.st.stm32cube.ide.mcu.externaltools.gnu-tools-for-stm32.9-2020-q2-update.win32_1.5.0.202011040924/tools/bin/../lib/gcc/arm-none-eabi/9.3.1/../../../../arm-none-eabi/lib/thumb/v7e-m+fp/hard\libm.a(lib_a-sf_fabs.o)
                0x0000000008008e96                fabsf
 .text.finitef  0x0000000008008ea4       0x1a c:/st/stm32cubeide_1.5.1/stm32cubeide/plugins/com.st.stm32cube.ide.mcu.externaltools.gnu-tools-for-stm32.9-2020-q2-update.win32_1.5.0.202011040924/tools/bin/../lib/gcc/arm-none-eabi/9.3.1/../../../../arm-none-eabi/lib/thumb/v7e-m+fp/hard\libm.a(lib_a-sf_finite.o)
                0x0000000008008ea4                finitef
 *fill*         0x0000000008008ebe        0x2 
 .text.nanf     0x0000000008008ec0        0xc c:/st/stm32cubeide_1.5.1/stm32cubeide/plugins/com.st.stm32cube.ide.mcu.externaltools.gnu-tools-for-stm32.9-2020-q2-update.win32_1.5.0.202011040924/tools/bin/../lib/gcc/arm-none-eabi/9.3.1/../../../../arm-none-eabi/lib/thumb/v7e-m+fp/hard\libm.a(lib_a-sf_nan.o)
                0x0000000008008ec0                nanf
 .text.rintf    0x0000000008008ecc       0xb8 c:/st/stm32cubeide_1.5.1/stm32cubeide/plugins/com.st.stm32cube.ide.mcu.externaltools.gnu-tools-for-stm32.9-2020-q2-update.win32_1.5.0.202011040924/tools/bin/../lib/gcc/arm-none-eabi/9.3.1/../../../../arm-none-eabi/lib/thumb/v7e-m+fp/hard\libm.a(lib_a-sf_rint.o)
                0x0000000008008ecc                rintf
 .text.scalbnf  0x0000000008008f84       0xe4 c:/st/stm32cubeide_1.5.1/stm32cubeide/plugins/com.st.stm32cube.ide.mcu.externaltools.gnu-tools-for-stm32.9-2020-q2-update.win32_1.5.0.202011040924/tools/bin/../lib/gcc/arm-none-eabi/9.3.1/../../../../arm-none-eabi/lib/thumb/v7e-m+fp/hard\libm.a(lib_a-sf_scalbn.o)
                0x0000000008008f84                scalbnf
 *(.glue_7)
 .glue_7        0x0000000008009068        0x0 linker stubs
 *(.glue_7t)
 .glue_7t       0x0000000008009068        0x0 linker stubs
 *(.eh_frame)
 .eh_frame      0x0000000008009068        0x0 c:/st/stm32cubeide_1.5.1/stm32cubeide/plugins/com.st.stm32cube.ide.mcu.externaltools.gnu-tools-for-stm32.9-2020-q2-update.win32_1.5.0.202011040924/tools/bin/../lib/gcc/arm-none-eabi/9.3.1/thumb/v7e-m+fp/hard/crtbegin.o
 *(.init)
 .init          0x0000000008009068        0x4 c:/st/stm32cubeide_1.5.1/stm32cubeide/plugins/com.st.stm32cube.ide.mcu.externaltools.gnu-tools-for-stm32.9-2020-q2-update.win32_1.5.0.202011040924/tools/bin/../lib/gcc/arm-none-eabi/9.3.1/thumb/v7e-m+fp/hard/crti.o
                0x0000000008009068                _init
 .init          0x000000000800906c        0x8 c:/st/stm32cubeide_1.5.1/stm32cubeide/plugins/com.st.stm32cube.ide.mcu.externaltools.gnu-tools-for-stm32.9-2020-q2-update.win32_1.5.0.202011040924/tools/bin/../lib/gcc/arm-none-eabi/9.3.1/thumb/v7e-m+fp/hard/crtn.o
 *(.fini)
 .fini          0x0000000008009074        0x4 c:/st/stm32cubeide_1.5.1/stm32cubeide/plugins/com.st.stm32cube.ide.mcu.externaltools.gnu-tools-for-stm32.9-2020-q2-update.win32_1.5.0.202011040924/tools/bin/../lib/gcc/arm-none-eabi/9.3.1/thumb/v7e-m+fp/hard/crti.o
                0x0000000008009074                _fini
 .fini          0x0000000008009078        0x8 c:/st/stm32cubeide_1.5.1/stm32cubeide/plugins/com.st.stm32cube.ide.mcu.externaltools.gnu-tools-for-stm32.9-2020-q2-update.win32_1.5.0.202011040924/tools/bin/../lib/gcc/arm-none-eabi/9.3.1/thumb/v7e-m+fp/hard/crtn.o
                0x0000000008009080                . = ALIGN (0x4)
                0x0000000008009080                _etext = .

.vfp11_veneer   0x0000000008009080        0x0
 .vfp11_veneer  0x0000000008009080        0x0 linker stubs

.v4_bx          0x0000000008009080        0x0
 .v4_bx         0x0000000008009080        0x0 linker stubs

.iplt           0x0000000008009080        0x0
 .iplt          0x0000000008009080        0x0 c:/st/stm32cubeide_1.5.1/stm32cubeide/plugins/com.st.stm32cube.ide.mcu.externaltools.gnu-tools-for-stm32.9-2020-q2-update.win32_1.5.0.202011040924/tools/bin/../lib/gcc/arm-none-eabi/9.3.1/thumb/v7e-m+fp/hard/crtbegin.o

.rodata         0x0000000008009080       0x58
                0x0000000008009080                . = ALIGN (0x4)
 *(.rodata)
 *(.rodata*)
 .rodata.Station_List
                0x0000000008009080       0x14 Core/Src/main.o
                0x0000000008009080                Station_List
 .rodata.AHBPrescTable
                0x0000000008009094       0x10 Core/Src/system_stm32f4xx.o
                0x0000000008009094                AHBPrescTable
 .rodata.APBPrescTable
                0x00000000080090a4        0x8 Core/Src/system_stm32f4xx.o
                0x00000000080090a4                APBPrescTable
 .rodata.flagBitshiftOffset.8403
                0x00000000080090ac        0x8 Drivers/STM32F4xx_HAL_Driver/Src/stm32f4xx_hal_dma.o
 .rodata.__ieee754_powf.str1.1
                0x00000000080090b4        0x1 c:/st/stm32cubeide_1.5.1/stm32cubeide/plugins/com.st.stm32cube.ide.mcu.externaltools.gnu-tools-for-stm32.9-2020-q2-update.win32_1.5.0.202011040924/tools/bin/../lib/gcc/arm-none-eabi/9.3.1/../../../../arm-none-eabi/lib/thumb/v7e-m+fp/hard\libm.a(lib_a-ef_pow.o)
 *fill*         0x00000000080090b5        0x3 
 .rodata.bp     0x00000000080090b8        0x8 c:/st/stm32cubeide_1.5.1/stm32cubeide/plugins/com.st.stm32cube.ide.mcu.externaltools.gnu-tools-for-stm32.9-2020-q2-update.win32_1.5.0.202011040924/tools/bin/../lib/gcc/arm-none-eabi/9.3.1/../../../../arm-none-eabi/lib/thumb/v7e-m+fp/hard\libm.a(lib_a-ef_pow.o)
 .rodata.dp_h   0x00000000080090c0        0x8 c:/st/stm32cubeide_1.5.1/stm32cubeide/plugins/com.st.stm32cube.ide.mcu.externaltools.gnu-tools-for-stm32.9-2020-q2-update.win32_1.5.0.202011040924/tools/bin/../lib/gcc/arm-none-eabi/9.3.1/../../../../arm-none-eabi/lib/thumb/v7e-m+fp/hard\libm.a(lib_a-ef_pow.o)
 .rodata.dp_l   0x00000000080090c8        0x8 c:/st/stm32cubeide_1.5.1/stm32cubeide/plugins/com.st.stm32cube.ide.mcu.externaltools.gnu-tools-for-stm32.9-2020-q2-update.win32_1.5.0.202011040924/tools/bin/../lib/gcc/arm-none-eabi/9.3.1/../../../../arm-none-eabi/lib/thumb/v7e-m+fp/hard\libm.a(lib_a-ef_pow.o)
 .rodata.TWO23  0x00000000080090d0        0x8 c:/st/stm32cubeide_1.5.1/stm32cubeide/plugins/com.st.stm32cube.ide.mcu.externaltools.gnu-tools-for-stm32.9-2020-q2-update.win32_1.5.0.202011040924/tools/bin/../lib/gcc/arm-none-eabi/9.3.1/../../../../arm-none-eabi/lib/thumb/v7e-m+fp/hard\libm.a(lib_a-sf_rint.o)
                0x00000000080090d8                . = ALIGN (0x4)

.ARM.extab      0x00000000080090d8        0x0
                0x00000000080090d8                . = ALIGN (0x4)
 *(.ARM.extab* .gnu.linkonce.armextab.*)
                0x00000000080090d8                . = ALIGN (0x4)

.ARM            0x00000000080090d8        0x8
                0x00000000080090d8                . = ALIGN (0x4)
                0x00000000080090d8                __exidx_start = .
 *(.ARM.exidx*)
 .ARM.exidx     0x00000000080090d8        0x8 c:/st/stm32cubeide_1.5.1/stm32cubeide/plugins/com.st.stm32cube.ide.mcu.externaltools.gnu-tools-for-stm32.9-2020-q2-update.win32_1.5.0.202011040924/tools/bin/../lib/gcc/arm-none-eabi/9.3.1/thumb/v7e-m+fp/hard\libgcc.a(_udivmoddi4.o)
                0x00000000080090e0                __exidx_end = .
                0x00000000080090e0                . = ALIGN (0x4)

.rel.dyn        0x00000000080090e0        0x0
 .rel.iplt      0x00000000080090e0        0x0 c:/st/stm32cubeide_1.5.1/stm32cubeide/plugins/com.st.stm32cube.ide.mcu.externaltools.gnu-tools-for-stm32.9-2020-q2-update.win32_1.5.0.202011040924/tools/bin/../lib/gcc/arm-none-eabi/9.3.1/thumb/v7e-m+fp/hard/crtbegin.o

.preinit_array  0x00000000080090e0        0x0
                0x00000000080090e0                . = ALIGN (0x4)
                0x00000000080090e0                PROVIDE (__preinit_array_start = .)
 *(.preinit_array*)
                0x00000000080090e0                PROVIDE (__preinit_array_end = .)
                0x00000000080090e0                . = ALIGN (0x4)

.init_array     0x00000000080090e0        0x4
                0x00000000080090e0                . = ALIGN (0x4)
                0x00000000080090e0                PROVIDE (__init_array_start = .)
 *(SORT_BY_NAME(.init_array.*))
 *(.init_array*)
 .init_array    0x00000000080090e0        0x4 c:/st/stm32cubeide_1.5.1/stm32cubeide/plugins/com.st.stm32cube.ide.mcu.externaltools.gnu-tools-for-stm32.9-2020-q2-update.win32_1.5.0.202011040924/tools/bin/../lib/gcc/arm-none-eabi/9.3.1/thumb/v7e-m+fp/hard/crtbegin.o
                0x00000000080090e4                PROVIDE (__init_array_end = .)
                0x00000000080090e4                . = ALIGN (0x4)

.fini_array     0x00000000080090e4        0x4
                0x00000000080090e4                . = ALIGN (0x4)
                [!provide]                        PROVIDE (__fini_array_start = .)
 *(SORT_BY_NAME(.fini_array.*))
 *(.fini_array*)
 .fini_array    0x00000000080090e4        0x4 c:/st/stm32cubeide_1.5.1/stm32cubeide/plugins/com.st.stm32cube.ide.mcu.externaltools.gnu-tools-for-stm32.9-2020-q2-update.win32_1.5.0.202011040924/tools/bin/../lib/gcc/arm-none-eabi/9.3.1/thumb/v7e-m+fp/hard/crtbegin.o
                [!provide]                        PROVIDE (__fini_array_end = .)
                0x00000000080090e8                . = ALIGN (0x4)
                0x00000000080090e8                _sidata = LOADADDR (.data)

.data           0x0000000020000000       0xc4 load address 0x00000000080090e8
                0x0000000020000000                . = ALIGN (0x4)
                0x0000000020000000                _sdata = .
 *(.data)
 *(.data*)
 .data.Connected
                0x0000000020000000        0x1 Core/Src/main.o
                0x0000000020000000                Connected
 *fill*         0x0000000020000001        0x1 
 .data.Encoder_Resolution
                0x0000000020000002        0x2 Core/Src/main.o
                0x0000000020000002                Encoder_Resolution
 .data.Encoder_Overflow
                0x0000000020000004        0x2 Core/Src/main.o
                0x0000000020000004                Encoder_Overflow
 *fill*         0x0000000020000006        0x2 
 .data.pi       0x0000000020000008        0x4 Core/Src/main.o
                0x0000000020000008                pi
 .data.Current_Station
                0x000000002000000c        0x1 Core/Src/main.o
                0x000000002000000c                Current_Station
 .data.Next_Station
                0x000000002000000d        0x1 Core/Src/main.o
                0x000000002000000d                Next_Station
 *fill*         0x000000002000000e        0x2 
 .data.Velocity_Max_RPM
                0x0000000020000010        0x4 Core/Src/main.o
                0x0000000020000010                Velocity_Max_RPM
 .data.omega_max
                0x0000000020000014        0x4 Core/Src/main.o
                0x0000000020000014                omega_max
 .data.alpha_max
                0x0000000020000018        0x4 Core/Src/main.o
                0x0000000020000018                alpha_max
 .data.initial  0x000000002000001c        0x1 Core/Src/main.o
                0x000000002000001c                initial
 *fill*         0x000000002000001d        0x3 
 .data.position_kp
                0x0000000020000020        0x4 Core/Src/main.o
                0x0000000020000020                position_kp
 .data.velocity_kp
                0x0000000020000024        0x4 Core/Src/main.o
                0x0000000020000024                velocity_kp
 .data.velocity_ki
                0x0000000020000028        0x4 Core/Src/main.o
                0x0000000020000028                velocity_ki
 .data.velocity_kd
                0x000000002000002c        0x4 Core/Src/main.o
                0x000000002000002c                velocity_kd
 .data.p_estimate11
                0x0000000020000030        0x4 Core/Src/main.o
                0x0000000020000030                p_estimate11
 .data.p_estimate22
                0x0000000020000034        0x4 Core/Src/main.o
                0x0000000020000034                p_estimate22
 .data.Sigma_a  0x0000000020000038        0x4 Core/Src/main.o
                0x0000000020000038                Sigma_a
 .data.Sigma_w  0x000000002000003c        0x4 Core/Src/main.o
                0x000000002000003c                Sigma_w
 .data.UART_Ack1
                0x0000000020000040        0x2 Core/Src/main.o
                0x0000000020000040                UART_Ack1
 *fill*         0x0000000020000042        0x2 
 .data.UART_Ack2
                0x0000000020000044        0x2 Core/Src/main.o
                0x0000000020000044                UART_Ack2
 .data.Mode     0x0000000020000046        0x1 Core/Src/main.o
                0x0000000020000046                Mode
 *fill*         0x0000000020000047        0x1 
 .data.Address  0x0000000020000048        0x2 Core/Src/main.o
                0x0000000020000048                Address
 .data.Regis_Open
                0x000000002000004a        0x2 Core/Src/main.o
                0x000000002000004a                Regis_Open
 .data.Regis_Prepare
                0x000000002000004c        0x2 Core/Src/main.o
                0x000000002000004c                Regis_Prepare
 *fill*         0x000000002000004e        0x2 
 .data.SystemCoreClock
                0x0000000020000050        0x4 Core/Src/system_stm32f4xx.o
                0x0000000020000050                SystemCoreClock
 .data.uwTickPrio
                0x0000000020000054        0x4 Drivers/STM32F4xx_HAL_Driver/Src/stm32f4xx_hal.o
                0x0000000020000054                uwTickPrio
 .data.uwTickFreq
                0x0000000020000058        0x1 Drivers/STM32F4xx_HAL_Driver/Src/stm32f4xx_hal.o
                0x0000000020000058                uwTickFreq
 *fill*         0x0000000020000059        0x3 
 .data._impure_ptr
                0x000000002000005c        0x4 c:/st/stm32cubeide_1.5.1/stm32cubeide/plugins/com.st.stm32cube.ide.mcu.externaltools.gnu-tools-for-stm32.9-2020-q2-update.win32_1.5.0.202011040924/tools/bin/../lib/gcc/arm-none-eabi/9.3.1/../../../../arm-none-eabi/lib/thumb/v7e-m+fp/hard\libc_nano.a(lib_a-impure.o)
                0x000000002000005c                _impure_ptr
 .data.impure_data
                0x0000000020000060       0x60 c:/st/stm32cubeide_1.5.1/stm32cubeide/plugins/com.st.stm32cube.ide.mcu.externaltools.gnu-tools-for-stm32.9-2020-q2-update.win32_1.5.0.202011040924/tools/bin/../lib/gcc/arm-none-eabi/9.3.1/../../../../arm-none-eabi/lib/thumb/v7e-m+fp/hard\libc_nano.a(lib_a-impure.o)
 .data.__fdlib_version
                0x00000000200000c0        0x1 c:/st/stm32cubeide_1.5.1/stm32cubeide/plugins/com.st.stm32cube.ide.mcu.externaltools.gnu-tools-for-stm32.9-2020-q2-update.win32_1.5.0.202011040924/tools/bin/../lib/gcc/arm-none-eabi/9.3.1/../../../../arm-none-eabi/lib/thumb/v7e-m+fp/hard\libm.a(lib_a-s_lib_ver.o)
                0x00000000200000c0                __fdlib_version
 *(.RamFunc)
 *(.RamFunc*)
                0x00000000200000c4                . = ALIGN (0x4)
 *fill*         0x00000000200000c1        0x3 
                0x00000000200000c4                _edata = .

.igot.plt       0x00000000200000c4        0x0 load address 0x00000000080091ac
 .igot.plt      0x00000000200000c4        0x0 c:/st/stm32cubeide_1.5.1/stm32cubeide/plugins/com.st.stm32cube.ide.mcu.externaltools.gnu-tools-for-stm32.9-2020-q2-update.win32_1.5.0.202011040924/tools/bin/../lib/gcc/arm-none-eabi/9.3.1/thumb/v7e-m+fp/hard/crtbegin.o
                0x00000000200000c4                . = ALIGN (0x4)

.bss            0x00000000200000c8      0x430 load address 0x00000000080091ac
                0x00000000200000c8                _sbss = .
                0x00000000200000c8                __bss_start__ = _sbss
 *(.bss)
 .bss           0x00000000200000c8       0x1c c:/st/stm32cubeide_1.5.1/stm32cubeide/plugins/com.st.stm32cube.ide.mcu.externaltools.gnu-tools-for-stm32.9-2020-q2-update.win32_1.5.0.202011040924/tools/bin/../lib/gcc/arm-none-eabi/9.3.1/thumb/v7e-m+fp/hard/crtbegin.o
 *(.bss*)
 .bss.Effector_On
                0x00000000200000e4        0x1 Core/Src/main.o
                0x00000000200000e4                Effector_On
 .bss.Error     0x00000000200000e5        0x1 Core/Src/main.o
                0x00000000200000e5                Error
 *fill*         0x00000000200000e6        0x2 
 .bss._micros   0x00000000200000e8        0x8 Core/Src/main.o
                0x00000000200000e8                _micros
 .bss.Time_Sampling_Stamp
                0x00000000200000f0        0x8 Core/Src/main.o
                0x00000000200000f0                Time_Sampling_Stamp
 .bss.Time_Measure_Stamp
                0x00000000200000f8        0x8 Core/Src/main.o
                0x00000000200000f8                Time_Measure_Stamp
 .bss.N_Goal    0x0000000020000100        0x1 Core/Src/main.o
                0x0000000020000100                N_Goal
 .bss.Goal_Count
                0x0000000020000101        0x1 Core/Src/main.o
                0x0000000020000101                Goal_Count
 *fill*         0x0000000020000102        0x2 
 .bss.Goal_List
                0x0000000020000104       0x14 Core/Src/main.o
                0x0000000020000104                Goal_List
 .bss.GO        0x0000000020000118        0x1 Core/Src/main.o
                0x0000000020000118                GO
 *fill*         0x0000000020000119        0x3 
 .bss.Velocity_Read_Encoder
                0x000000002000011c        0x4 Core/Src/main.o
                0x000000002000011c                Velocity_Read_Encoder
 .bss.Velocity_Now_RPM
                0x0000000020000120        0x4 Core/Src/main.o
                0x0000000020000120                Velocity_Now_RPM
 .bss.Velocity_Now_Rad
                0x0000000020000124        0x4 Core/Src/main.o
                0x0000000020000124                Velocity_Now_Rad
 .bss.PWM_Out   0x0000000020000128        0x2 Core/Src/main.o
                0x0000000020000128                PWM_Out
 .bss.PWM_Out_Pre
                0x000000002000012a        0x2 Core/Src/main.o
                0x000000002000012a                PWM_Out_Pre
 .bss.Position_Read_Encoder
                0x000000002000012c        0x4 Core/Src/main.o
                0x000000002000012c                Position_Read_Encoder
 .bss.Position_Now_Rad
                0x0000000020000130        0x4 Core/Src/main.o
                0x0000000020000130                Position_Now_Rad
 .bss.angle_rad_start
                0x0000000020000134        0x4 Core/Src/main.o
                0x0000000020000134                angle_rad_start
 .bss.angle_rad_stop
                0x0000000020000138        0x4 Core/Src/main.o
                0x0000000020000138                angle_rad_stop
 .bss.tau_max   0x000000002000013c        0x4 Core/Src/main.o
                0x000000002000013c                tau_max
 .bss.time_initial
                0x0000000020000140        0x4 Core/Src/main.o
                0x0000000020000140                time_initial
 .bss.c_0       0x0000000020000144        0x4 Core/Src/main.o
                0x0000000020000144                c_0
 .bss.c_1       0x0000000020000148        0x4 Core/Src/main.o
                0x0000000020000148                c_1
 .bss.c_2       0x000000002000014c        0x4 Core/Src/main.o
                0x000000002000014c                c_2
 .bss.c_3       0x0000000020000150        0x4 Core/Src/main.o
                0x0000000020000150                c_3
 .bss.c_4       0x0000000020000154        0x4 Core/Src/main.o
                0x0000000020000154                c_4
 .bss.c_5       0x0000000020000158        0x4 Core/Src/main.o
                0x0000000020000158                c_5
 .bss.tau       0x000000002000015c        0x4 Core/Src/main.o
                0x000000002000015c                tau
 .bss.desired_position
                0x0000000020000160        0x4 Core/Src/main.o
                0x0000000020000160                desired_position
 .bss.error_position
                0x0000000020000164        0x4 Core/Src/main.o
                0x0000000020000164                error_position
 .bss.error_position_diff
                0x0000000020000168        0x4 Core/Src/main.o
                0x0000000020000168                error_position_diff
 .bss.error_position_int
                0x000000002000016c        0x4 Core/Src/main.o
                0x000000002000016c                error_position_int
 .bss.error_position_prev
                0x0000000020000170        0x4 Core/Src/main.o
                0x0000000020000170                error_position_prev
 .bss.position_ki
                0x0000000020000174        0x4 Core/Src/main.o
                0x0000000020000174                position_ki
 .bss.position_kd
                0x0000000020000178        0x4 Core/Src/main.o
                0x0000000020000178                position_kd
 .bss.position_bias
                0x000000002000017c        0x4 Core/Src/main.o
                0x000000002000017c                position_bias
 .bss.command_velocity
                0x0000000020000180        0x4 Core/Src/main.o
                0x0000000020000180                command_velocity
 .bss.desired_velocity
                0x0000000020000184        0x4 Core/Src/main.o
                0x0000000020000184                desired_velocity
 .bss.error_velocity
                0x0000000020000188        0x4 Core/Src/main.o
                0x0000000020000188                error_velocity
 .bss.error_velocity_diff
                0x000000002000018c        0x4 Core/Src/main.o
                0x000000002000018c                error_velocity_diff
 .bss.error_velocity_int
                0x0000000020000190        0x4 Core/Src/main.o
                0x0000000020000190                error_velocity_int
 .bss.error_velocity_prev
                0x0000000020000194        0x4 Core/Src/main.o
                0x0000000020000194                error_velocity_prev
 .bss.velocity_bias
                0x0000000020000198        0x4 Core/Src/main.o
                0x0000000020000198                velocity_bias
 .bss.theta_predict
                0x000000002000019c        0x4 Core/Src/main.o
                0x000000002000019c                theta_predict
 .bss.omega_predict
                0x00000000200001a0        0x4 Core/Src/main.o
                0x00000000200001a0                omega_predict
 .bss.theta_estimate
                0x00000000200001a4        0x4 Core/Src/main.o
                0x00000000200001a4                theta_estimate
 .bss.omega_estimate
                0x00000000200001a8        0x4 Core/Src/main.o
                0x00000000200001a8                omega_estimate
 .bss.p_predict11
                0x00000000200001ac        0x4 Core/Src/main.o
                0x00000000200001ac                p_predict11
 .bss.p_predict12
                0x00000000200001b0        0x4 Core/Src/main.o
                0x00000000200001b0                p_predict12
 .bss.p_predict21
                0x00000000200001b4        0x4 Core/Src/main.o
                0x00000000200001b4                p_predict21
 .bss.p_predict22
                0x00000000200001b8        0x4 Core/Src/main.o
                0x00000000200001b8                p_predict22
 .bss.p_estimate12
                0x00000000200001bc        0x4 Core/Src/main.o
                0x00000000200001bc                p_estimate12
 .bss.p_estimate21
                0x00000000200001c0        0x4 Core/Src/main.o
                0x00000000200001c0                p_estimate21
 .bss.z_predict
                0x00000000200001c4        0x4 Core/Src/main.o
                0x00000000200001c4                z_predict
 .bss.s         0x00000000200001c8        0x4 Core/Src/main.o
                0x00000000200001c8                s
 .bss.k11       0x00000000200001cc        0x4 Core/Src/main.o
                0x00000000200001cc                k11
 .bss.k21       0x00000000200001d0        0x4 Core/Src/main.o
                0x00000000200001d0                k21
 *fill*         0x00000000200001d4        0x4 
 .bss.Prox_Delay
                0x00000000200001d8        0x8 Core/Src/main.o
                0x00000000200001d8                Prox_Delay
 .bss.Time_Delay
                0x00000000200001e0        0x8 Core/Src/main.o
                0x00000000200001e0                Time_Delay
 .bss.i         0x00000000200001e8        0x4 Core/Src/main.o
                0x00000000200001e8                i
 .bss.j         0x00000000200001ec        0x4 Core/Src/main.o
                0x00000000200001ec                j
 .bss.Delay     0x00000000200001f0        0x2 Core/Src/main.o
                0x00000000200001f0                Delay
 *fill*         0x00000000200001f2        0x2 
 .bss.Q         0x00000000200001f4        0x4 Core/Src/main.o
                0x00000000200001f4                Q
 .bss.R         0x00000000200001f8        0x4 Core/Src/main.o
                0x00000000200001f8                R
 .bss.set_home_finished
                0x00000000200001fc        0x4 Core/Src/main.o
                0x00000000200001fc                set_home_finished
 .bss.save_angle
                0x0000000020000200        0x4 Core/Src/main.o
                0x0000000020000200                save_angle
 .bss.find_proximity
                0x0000000020000204        0x4 Core/Src/main.o
                0x0000000020000204                find_proximity
 .bss.STATE_DISPLAY
                0x0000000020000208        0x1 Core/Src/main.o
                0x0000000020000208                STATE_DISPLAY
 .bss.clear_counter_velocity
                0x0000000020000209        0x1 Core/Src/main.o
                0x0000000020000209                clear_counter_velocity
 .bss.clear_counter_position
                0x000000002000020a        0x1 Core/Src/main.o
                0x000000002000020a                clear_counter_position
 *fill*         0x000000002000020b        0x1 
 .bss.UART2     0x000000002000020c       0x18 Core/Src/main.o
                0x000000002000020c                UART2
 .bss.N_Data    0x0000000020000224        0x1 Core/Src/main.o
                0x0000000020000224                N_Data
 *fill*         0x0000000020000225        0x3 
 .bss.Data_List
                0x0000000020000228        0x2 Core/Src/main.o
                0x0000000020000228                Data_List
 .bss.State     0x000000002000022a        0x1 Core/Src/main.o
                0x000000002000022a                State
 *fill*         0x000000002000022b        0x1 
 .bss.Regis_Read
                0x000000002000022c        0x2 Core/Src/main.o
                0x000000002000022c                Regis_Read
 *fill*         0x000000002000022e        0x2 
 .bss.EncoderLastTimestamp.10702
                0x0000000020000230        0x8 Core/Src/main.o
 .bss.EncoderLastPosition.10701
                0x0000000020000238        0x4 Core/Src/main.o
 .bss.EncoderPreviousPosition.10709
                0x000000002000023c        0x4 Core/Src/main.o
 .bss.EncoderCurrentOffset.10714
                0x0000000020000240        0x4 Core/Src/main.o
 .bss.EncoderPreviousOffset.10713
                0x0000000020000244        0x4 Core/Src/main.o
 .bss.MultiProcessBlocker.10749
                0x0000000020000248        0x1 Core/Src/main.o
 *fill*         0x0000000020000249        0x3 
 .bss.__sbrk_heap_end
                0x000000002000024c        0x4 Core/Src/sysmem.o
 .bss.__malloc_free_list
                0x0000000020000250        0x4 c:/st/stm32cubeide_1.5.1/stm32cubeide/plugins/com.st.stm32cube.ide.mcu.externaltools.gnu-tools-for-stm32.9-2020-q2-update.win32_1.5.0.202011040924/tools/bin/../lib/gcc/arm-none-eabi/9.3.1/../../../../arm-none-eabi/lib/thumb/v7e-m+fp/hard\libc_nano.a(lib_a-nano-mallocr.o)
                0x0000000020000250                __malloc_free_list
 .bss.__malloc_sbrk_start
                0x0000000020000254        0x4 c:/st/stm32cubeide_1.5.1/stm32cubeide/plugins/com.st.stm32cube.ide.mcu.externaltools.gnu-tools-for-stm32.9-2020-q2-update.win32_1.5.0.202011040924/tools/bin/../lib/gcc/arm-none-eabi/9.3.1/../../../../arm-none-eabi/lib/thumb/v7e-m+fp/hard\libc_nano.a(lib_a-nano-mallocr.o)
                0x0000000020000254                __malloc_sbrk_start
 *(COMMON)
 COMMON         0x0000000020000258      0x289 Core/Src/main.o
                0x0000000020000258                N
                0x000000002000025c                hdma_usart2_rx
                0x00000000200002bc                htim4
                0x0000000020000304                hi2c1
                0x0000000020000358                Frame
                0x000000002000035c                htim3
                0x00000000200003a4                Proximity
                0x00000000200003a8                hdma_usart2_tx
                0x0000000020000408                htim1
                0x0000000020000450                Sum
                0x0000000020000454                htim2
                0x000000002000049c                huart2
                0x00000000200004e0                len
 *fill*         0x00000000200004e1        0x3 
 COMMON         0x00000000200004e4        0x4 Drivers/STM32F4xx_HAL_Driver/Src/stm32f4xx_hal.o
                0x00000000200004e4                uwTick
 COMMON         0x00000000200004e8        0x4 c:/st/stm32cubeide_1.5.1/stm32cubeide/plugins/com.st.stm32cube.ide.mcu.externaltools.gnu-tools-for-stm32.9-2020-q2-update.win32_1.5.0.202011040924/tools/bin/../lib/gcc/arm-none-eabi/9.3.1/../../../../arm-none-eabi/lib/thumb/v7e-m+fp/hard\libc_nano.a(lib_a-reent.o)
                0x00000000200004e8                errno
 COMMON         0x00000000200004ec        0x9 c:/st/stm32cubeide_1.5.1/stm32cubeide/plugins/com.st.stm32cube.ide.mcu.externaltools.gnu-tools-for-stm32.9-2020-q2-update.win32_1.5.0.202011040924/tools/bin/../lib/gcc/arm-none-eabi/9.3.1/../../../../arm-none-eabi/lib/thumb/v7e-m+fp/hard\libc_nano.a(lib_a-lock.o)
                0x00000000200004ec                __lock___atexit_recursive_mutex
                0x00000000200004ed                __lock___arc4random_mutex
                0x00000000200004ee                __lock___env_recursive_mutex
                0x00000000200004ef                __lock___sinit_recursive_mutex
                0x00000000200004f0                __lock___malloc_recursive_mutex
                0x00000000200004f1                __lock___at_quick_exit_mutex
                0x00000000200004f2                __lock___dd_hash_mutex
                0x00000000200004f3                __lock___tz_mutex
                0x00000000200004f4                __lock___sfp_recursive_mutex
                0x00000000200004f8                . = ALIGN (0x4)
 *fill*         0x00000000200004f5        0x3 
                0x00000000200004f8                _ebss = .
                0x00000000200004f8                __bss_end__ = _ebss

._user_heap_stack
                0x00000000200004f8      0x600 load address 0x00000000080091ac
                0x00000000200004f8                . = ALIGN (0x8)
                [!provide]                        PROVIDE (end = .)
                0x00000000200004f8                PROVIDE (_end = .)
                0x00000000200006f8                . = (. + _Min_Heap_Size)
 *fill*         0x00000000200004f8      0x200 
                0x0000000020000af8                . = (. + _Min_Stack_Size)
 *fill*         0x00000000200006f8      0x400 
                0x0000000020000af8                . = ALIGN (0x8)

/DISCARD/
 libc.a(*)
 libm.a(*)
 libgcc.a(*)

.ARM.attributes
                0x0000000000000000       0x30
 *(.ARM.attributes)
 .ARM.attributes
                0x0000000000000000       0x1e c:/st/stm32cubeide_1.5.1/stm32cubeide/plugins/com.st.stm32cube.ide.mcu.externaltools.gnu-tools-for-stm32.9-2020-q2-update.win32_1.5.0.202011040924/tools/bin/../lib/gcc/arm-none-eabi/9.3.1/thumb/v7e-m+fp/hard/crti.o
 .ARM.attributes
                0x000000000000001e       0x34 c:/st/stm32cubeide_1.5.1/stm32cubeide/plugins/com.st.stm32cube.ide.mcu.externaltools.gnu-tools-for-stm32.9-2020-q2-update.win32_1.5.0.202011040924/tools/bin/../lib/gcc/arm-none-eabi/9.3.1/thumb/v7e-m+fp/hard/crtbegin.o
 .ARM.attributes
                0x0000000000000052       0x34 Core/Src/main.o
 .ARM.attributes
                0x0000000000000086       0x34 Core/Src/stm32f4xx_hal_msp.o
 .ARM.attributes
                0x00000000000000ba       0x34 Core/Src/stm32f4xx_it.o
 .ARM.attributes
                0x00000000000000ee       0x34 Core/Src/sysmem.o
 .ARM.attributes
                0x0000000000000122       0x34 Core/Src/system_stm32f4xx.o
 .ARM.attributes
                0x0000000000000156       0x21 Core/Startup/startup_stm32f411retx.o
 .ARM.attributes
                0x0000000000000177       0x34 Drivers/STM32F4xx_HAL_Driver/Src/stm32f4xx_hal.o
 .ARM.attributes
                0x00000000000001ab       0x34 Drivers/STM32F4xx_HAL_Driver/Src/stm32f4xx_hal_cortex.o
 .ARM.attributes
                0x00000000000001df       0x34 Drivers/STM32F4xx_HAL_Driver/Src/stm32f4xx_hal_dma.o
 .ARM.attributes
                0x0000000000000213       0x34 Drivers/STM32F4xx_HAL_Driver/Src/stm32f4xx_hal_gpio.o
 .ARM.attributes
                0x0000000000000247       0x34 Drivers/STM32F4xx_HAL_Driver/Src/stm32f4xx_hal_i2c.o
 .ARM.attributes
                0x000000000000027b       0x34 Drivers/STM32F4xx_HAL_Driver/Src/stm32f4xx_hal_rcc.o
 .ARM.attributes
                0x00000000000002af       0x34 Drivers/STM32F4xx_HAL_Driver/Src/stm32f4xx_hal_tim.o
 .ARM.attributes
                0x00000000000002e3       0x34 Drivers/STM32F4xx_HAL_Driver/Src/stm32f4xx_hal_tim_ex.o
 .ARM.attributes
                0x0000000000000317       0x34 Drivers/STM32F4xx_HAL_Driver/Src/stm32f4xx_hal_uart.o
 .ARM.attributes
                0x000000000000034b       0x34 c:/st/stm32cubeide_1.5.1/stm32cubeide/plugins/com.st.stm32cube.ide.mcu.externaltools.gnu-tools-for-stm32.9-2020-q2-update.win32_1.5.0.202011040924/tools/bin/../lib/gcc/arm-none-eabi/9.3.1/../../../../arm-none-eabi/lib/thumb/v7e-m+fp/hard\libc_nano.a(lib_a-calloc.o)
 .ARM.attributes
                0x000000000000037f       0x34 c:/st/stm32cubeide_1.5.1/stm32cubeide/plugins/com.st.stm32cube.ide.mcu.externaltools.gnu-tools-for-stm32.9-2020-q2-update.win32_1.5.0.202011040924/tools/bin/../lib/gcc/arm-none-eabi/9.3.1/../../../../arm-none-eabi/lib/thumb/v7e-m+fp/hard\libc_nano.a(lib_a-errno.o)
 .ARM.attributes
                0x00000000000003b3       0x32 c:/st/stm32cubeide_1.5.1/stm32cubeide/plugins/com.st.stm32cube.ide.mcu.externaltools.gnu-tools-for-stm32.9-2020-q2-update.win32_1.5.0.202011040924/tools/bin/../lib/gcc/arm-none-eabi/9.3.1/../../../../arm-none-eabi/lib/thumb/v7e-m+fp/hard\libc_nano.a(lib_a-impure.o)
 .ARM.attributes
                0x00000000000003e5       0x34 c:/st/stm32cubeide_1.5.1/stm32cubeide/plugins/com.st.stm32cube.ide.mcu.externaltools.gnu-tools-for-stm32.9-2020-q2-update.win32_1.5.0.202011040924/tools/bin/../lib/gcc/arm-none-eabi/9.3.1/../../../../arm-none-eabi/lib/thumb/v7e-m+fp/hard\libc_nano.a(lib_a-init.o)
 .ARM.attributes
                0x0000000000000419       0x34 c:/st/stm32cubeide_1.5.1/stm32cubeide/plugins/com.st.stm32cube.ide.mcu.externaltools.gnu-tools-for-stm32.9-2020-q2-update.win32_1.5.0.202011040924/tools/bin/../lib/gcc/arm-none-eabi/9.3.1/../../../../arm-none-eabi/lib/thumb/v7e-m+fp/hard\libc_nano.a(lib_a-memcpy-stub.o)
 .ARM.attributes
                0x000000000000044d       0x34 c:/st/stm32cubeide_1.5.1/stm32cubeide/plugins/com.st.stm32cube.ide.mcu.externaltools.gnu-tools-for-stm32.9-2020-q2-update.win32_1.5.0.202011040924/tools/bin/../lib/gcc/arm-none-eabi/9.3.1/../../../../arm-none-eabi/lib/thumb/v7e-m+fp/hard\libc_nano.a(lib_a-memset.o)
 .ARM.attributes
                0x0000000000000481       0x34 c:/st/stm32cubeide_1.5.1/stm32cubeide/plugins/com.st.stm32cube.ide.mcu.externaltools.gnu-tools-for-stm32.9-2020-q2-update.win32_1.5.0.202011040924/tools/bin/../lib/gcc/arm-none-eabi/9.3.1/../../../../arm-none-eabi/lib/thumb/v7e-m+fp/hard\libc_nano.a(lib_a-nano-callocr.o)
 .ARM.attributes
                0x00000000000004b5       0x34 c:/st/stm32cubeide_1.5.1/stm32cubeide/plugins/com.st.stm32cube.ide.mcu.externaltools.gnu-tools-for-stm32.9-2020-q2-update.win32_1.5.0.202011040924/tools/bin/../lib/gcc/arm-none-eabi/9.3.1/../../../../arm-none-eabi/lib/thumb/v7e-m+fp/hard\libc_nano.a(lib_a-nano-mallocr.o)
 .ARM.attributes
                0x00000000000004e9       0x34 c:/st/stm32cubeide_1.5.1/stm32cubeide/plugins/com.st.stm32cube.ide.mcu.externaltools.gnu-tools-for-stm32.9-2020-q2-update.win32_1.5.0.202011040924/tools/bin/../lib/gcc/arm-none-eabi/9.3.1/../../../../arm-none-eabi/lib/thumb/v7e-m+fp/hard\libc_nano.a(lib_a-sbrkr.o)
 .ARM.attributes
                0x000000000000051d       0x34 c:/st/stm32cubeide_1.5.1/stm32cubeide/plugins/com.st.stm32cube.ide.mcu.externaltools.gnu-tools-for-stm32.9-2020-q2-update.win32_1.5.0.202011040924/tools/bin/../lib/gcc/arm-none-eabi/9.3.1/../../../../arm-none-eabi/lib/thumb/v7e-m+fp/hard\libc_nano.a(lib_a-mlock.o)
 .ARM.attributes
                0x0000000000000551       0x34 c:/st/stm32cubeide_1.5.1/stm32cubeide/plugins/com.st.stm32cube.ide.mcu.externaltools.gnu-tools-for-stm32.9-2020-q2-update.win32_1.5.0.202011040924/tools/bin/../lib/gcc/arm-none-eabi/9.3.1/../../../../arm-none-eabi/lib/thumb/v7e-m+fp/hard\libc_nano.a(lib_a-reent.o)
 .ARM.attributes
                0x0000000000000585       0x34 c:/st/stm32cubeide_1.5.1/stm32cubeide/plugins/com.st.stm32cube.ide.mcu.externaltools.gnu-tools-for-stm32.9-2020-q2-update.win32_1.5.0.202011040924/tools/bin/../lib/gcc/arm-none-eabi/9.3.1/../../../../arm-none-eabi/lib/thumb/v7e-m+fp/hard\libc_nano.a(lib_a-lock.o)
 .ARM.attributes
                0x00000000000005b9       0x34 c:/st/stm32cubeide_1.5.1/stm32cubeide/plugins/com.st.stm32cube.ide.mcu.externaltools.gnu-tools-for-stm32.9-2020-q2-update.win32_1.5.0.202011040924/tools/bin/../lib/gcc/arm-none-eabi/9.3.1/../../../../arm-none-eabi/lib/thumb/v7e-m+fp/hard\libm.a(lib_a-s_round.o)
 .ARM.attributes
                0x00000000000005ed       0x34 c:/st/stm32cubeide_1.5.1/stm32cubeide/plugins/com.st.stm32cube.ide.mcu.externaltools.gnu-tools-for-stm32.9-2020-q2-update.win32_1.5.0.202011040924/tools/bin/../lib/gcc/arm-none-eabi/9.3.1/../../../../arm-none-eabi/lib/thumb/v7e-m+fp/hard\libm.a(lib_a-wf_pow.o)
 .ARM.attributes
                0x0000000000000621       0x34 c:/st/stm32cubeide_1.5.1/stm32cubeide/plugins/com.st.stm32cube.ide.mcu.externaltools.gnu-tools-for-stm32.9-2020-q2-update.win32_1.5.0.202011040924/tools/bin/../lib/gcc/arm-none-eabi/9.3.1/../../../../arm-none-eabi/lib/thumb/v7e-m+fp/hard\libm.a(lib_a-wf_sqrt.o)
 .ARM.attributes
                0x0000000000000655       0x34 c:/st/stm32cubeide_1.5.1/stm32cubeide/plugins/com.st.stm32cube.ide.mcu.externaltools.gnu-tools-for-stm32.9-2020-q2-update.win32_1.5.0.202011040924/tools/bin/../lib/gcc/arm-none-eabi/9.3.1/../../../../arm-none-eabi/lib/thumb/v7e-m+fp/hard\libm.a(lib_a-ef_pow.o)
 .ARM.attributes
                0x0000000000000689       0x34 c:/st/stm32cubeide_1.5.1/stm32cubeide/plugins/com.st.stm32cube.ide.mcu.externaltools.gnu-tools-for-stm32.9-2020-q2-update.win32_1.5.0.202011040924/tools/bin/../lib/gcc/arm-none-eabi/9.3.1/../../../../arm-none-eabi/lib/thumb/v7e-m+fp/hard\libm.a(lib_a-ef_sqrt.o)
 .ARM.attributes
                0x00000000000006bd       0x32 c:/st/stm32cubeide_1.5.1/stm32cubeide/plugins/com.st.stm32cube.ide.mcu.externaltools.gnu-tools-for-stm32.9-2020-q2-update.win32_1.5.0.202011040924/tools/bin/../lib/gcc/arm-none-eabi/9.3.1/../../../../arm-none-eabi/lib/thumb/v7e-m+fp/hard\libm.a(lib_a-s_lib_ver.o)
 .ARM.attributes
                0x00000000000006ef       0x34 c:/st/stm32cubeide_1.5.1/stm32cubeide/plugins/com.st.stm32cube.ide.mcu.externaltools.gnu-tools-for-stm32.9-2020-q2-update.win32_1.5.0.202011040924/tools/bin/../lib/gcc/arm-none-eabi/9.3.1/../../../../arm-none-eabi/lib/thumb/v7e-m+fp/hard\libm.a(lib_a-sf_fabs.o)
 .ARM.attributes
                0x0000000000000723       0x34 c:/st/stm32cubeide_1.5.1/stm32cubeide/plugins/com.st.stm32cube.ide.mcu.externaltools.gnu-tools-for-stm32.9-2020-q2-update.win32_1.5.0.202011040924/tools/bin/../lib/gcc/arm-none-eabi/9.3.1/../../../../arm-none-eabi/lib/thumb/v7e-m+fp/hard\libm.a(lib_a-sf_finite.o)
 .ARM.attributes
                0x0000000000000757       0x34 c:/st/stm32cubeide_1.5.1/stm32cubeide/plugins/com.st.stm32cube.ide.mcu.externaltools.gnu-tools-for-stm32.9-2020-q2-update.win32_1.5.0.202011040924/tools/bin/../lib/gcc/arm-none-eabi/9.3.1/../../../../arm-none-eabi/lib/thumb/v7e-m+fp/hard\libm.a(lib_a-sf_nan.o)
 .ARM.attributes
                0x000000000000078b       0x34 c:/st/stm32cubeide_1.5.1/stm32cubeide/plugins/com.st.stm32cube.ide.mcu.externaltools.gnu-tools-for-stm32.9-2020-q2-update.win32_1.5.0.202011040924/tools/bin/../lib/gcc/arm-none-eabi/9.3.1/../../../../arm-none-eabi/lib/thumb/v7e-m+fp/hard\libm.a(lib_a-sf_rint.o)
 .ARM.attributes
                0x00000000000007bf       0x34 c:/st/stm32cubeide_1.5.1/stm32cubeide/plugins/com.st.stm32cube.ide.mcu.externaltools.gnu-tools-for-stm32.9-2020-q2-update.win32_1.5.0.202011040924/tools/bin/../lib/gcc/arm-none-eabi/9.3.1/../../../../arm-none-eabi/lib/thumb/v7e-m+fp/hard\libm.a(lib_a-sf_scalbn.o)
 .ARM.attributes
                0x00000000000007f3       0x1e c:/st/stm32cubeide_1.5.1/stm32cubeide/plugins/com.st.stm32cube.ide.mcu.externaltools.gnu-tools-for-stm32.9-2020-q2-update.win32_1.5.0.202011040924/tools/bin/../lib/gcc/arm-none-eabi/9.3.1/thumb/v7e-m+fp/hard\libgcc.a(_arm_addsubdf3.o)
 .ARM.attributes
                0x0000000000000811       0x1e c:/st/stm32cubeide_1.5.1/stm32cubeide/plugins/com.st.stm32cube.ide.mcu.externaltools.gnu-tools-for-stm32.9-2020-q2-update.win32_1.5.0.202011040924/tools/bin/../lib/gcc/arm-none-eabi/9.3.1/thumb/v7e-m+fp/hard\libgcc.a(_arm_muldivdf3.o)
 .ARM.attributes
                0x000000000000082f       0x1e c:/st/stm32cubeide_1.5.1/stm32cubeide/plugins/com.st.stm32cube.ide.mcu.externaltools.gnu-tools-for-stm32.9-2020-q2-update.win32_1.5.0.202011040924/tools/bin/../lib/gcc/arm-none-eabi/9.3.1/thumb/v7e-m+fp/hard\libgcc.a(_arm_cmpdf2.o)
 .ARM.attributes
                0x000000000000084d       0x1e c:/st/stm32cubeide_1.5.1/stm32cubeide/plugins/com.st.stm32cube.ide.mcu.externaltools.gnu-tools-for-stm32.9-2020-q2-update.win32_1.5.0.202011040924/tools/bin/../lib/gcc/arm-none-eabi/9.3.1/thumb/v7e-m+fp/hard\libgcc.a(_arm_fixunsdfsi.o)
 .ARM.attributes
                0x000000000000086b       0x1e c:/st/stm32cubeide_1.5.1/stm32cubeide/plugins/com.st.stm32cube.ide.mcu.externaltools.gnu-tools-for-stm32.9-2020-q2-update.win32_1.5.0.202011040924/tools/bin/../lib/gcc/arm-none-eabi/9.3.1/thumb/v7e-m+fp/hard\libgcc.a(_arm_truncdfsf2.o)
 .ARM.attributes
                0x0000000000000889       0x1e c:/st/stm32cubeide_1.5.1/stm32cubeide/plugins/com.st.stm32cube.ide.mcu.externaltools.gnu-tools-for-stm32.9-2020-q2-update.win32_1.5.0.202011040924/tools/bin/../lib/gcc/arm-none-eabi/9.3.1/thumb/v7e-m+fp/hard\libgcc.a(_arm_addsubsf3.o)
 .ARM.attributes
                0x00000000000008a7       0x1e c:/st/stm32cubeide_1.5.1/stm32cubeide/plugins/com.st.stm32cube.ide.mcu.externaltools.gnu-tools-for-stm32.9-2020-q2-update.win32_1.5.0.202011040924/tools/bin/../lib/gcc/arm-none-eabi/9.3.1/thumb/v7e-m+fp/hard\libgcc.a(_aeabi_uldivmod.o)
 .ARM.attributes
                0x00000000000008c5       0x34 c:/st/stm32cubeide_1.5.1/stm32cubeide/plugins/com.st.stm32cube.ide.mcu.externaltools.gnu-tools-for-stm32.9-2020-q2-update.win32_1.5.0.202011040924/tools/bin/../lib/gcc/arm-none-eabi/9.3.1/thumb/v7e-m+fp/hard\libgcc.a(_udivmoddi4.o)
 .ARM.attributes
                0x00000000000008f9       0x1e c:/st/stm32cubeide_1.5.1/stm32cubeide/plugins/com.st.stm32cube.ide.mcu.externaltools.gnu-tools-for-stm32.9-2020-q2-update.win32_1.5.0.202011040924/tools/bin/../lib/gcc/arm-none-eabi/9.3.1/thumb/v7e-m+fp/hard\libgcc.a(_dvmd_tls.o)
 .ARM.attributes
                0x0000000000000917       0x1e c:/st/stm32cubeide_1.5.1/stm32cubeide/plugins/com.st.stm32cube.ide.mcu.externaltools.gnu-tools-for-stm32.9-2020-q2-update.win32_1.5.0.202011040924/tools/bin/../lib/gcc/arm-none-eabi/9.3.1/thumb/v7e-m+fp/hard/crtn.o
OUTPUT(Module3.elf elf32-littlearm)
LOAD linker stubs
LOAD c:/st/stm32cubeide_1.5.1/stm32cubeide/plugins/com.st.stm32cube.ide.mcu.externaltools.gnu-tools-for-stm32.9-2020-q2-update.win32_1.5.0.202011040924/tools/bin/../lib/gcc/arm-none-eabi/9.3.1/../../../../arm-none-eabi/lib/thumb/v7e-m+fp/hard\libc.a
LOAD c:/st/stm32cubeide_1.5.1/stm32cubeide/plugins/com.st.stm32cube.ide.mcu.externaltools.gnu-tools-for-stm32.9-2020-q2-update.win32_1.5.0.202011040924/tools/bin/../lib/gcc/arm-none-eabi/9.3.1/../../../../arm-none-eabi/lib/thumb/v7e-m+fp/hard\libm.a
LOAD c:/st/stm32cubeide_1.5.1/stm32cubeide/plugins/com.st.stm32cube.ide.mcu.externaltools.gnu-tools-for-stm32.9-2020-q2-update.win32_1.5.0.202011040924/tools/bin/../lib/gcc/arm-none-eabi/9.3.1/thumb/v7e-m+fp/hard\libgcc.a

.debug_info     0x0000000000000000    0x10d43
 .debug_info    0x0000000000000000     0x2e7b Core/Src/main.o
 .debug_info    0x0000000000002e7b     0x1410 Core/Src/stm32f4xx_hal_msp.o
 .debug_info    0x000000000000428b      0xad5 Core/Src/stm32f4xx_it.o
 .debug_info    0x0000000000004d60      0xa25 Core/Src/sysmem.o
 .debug_info    0x0000000000005785      0x5d0 Core/Src/system_stm32f4xx.o
 .debug_info    0x0000000000005d55       0x22 Core/Startup/startup_stm32f411retx.o
 .debug_info    0x0000000000005d77      0x944 Drivers/STM32F4xx_HAL_Driver/Src/stm32f4xx_hal.o
 .debug_info    0x00000000000066bb      0xe47 Drivers/STM32F4xx_HAL_Driver/Src/stm32f4xx_hal_cortex.o
 .debug_info    0x0000000000007502      0x9e9 Drivers/STM32F4xx_HAL_Driver/Src/stm32f4xx_hal_dma.o
 .debug_info    0x0000000000007eeb      0x862 Drivers/STM32F4xx_HAL_Driver/Src/stm32f4xx_hal_gpio.o
 .debug_info    0x000000000000874d     0x2639 Drivers/STM32F4xx_HAL_Driver/Src/stm32f4xx_hal_i2c.o
 .debug_info    0x000000000000ad86      0x9be Drivers/STM32F4xx_HAL_Driver/Src/stm32f4xx_hal_rcc.o
 .debug_info    0x000000000000b744     0x2a88 Drivers/STM32F4xx_HAL_Driver/Src/stm32f4xx_hal_tim.o
 .debug_info    0x000000000000e1cc     0x151a Drivers/STM32F4xx_HAL_Driver/Src/stm32f4xx_hal_tim_ex.o
 .debug_info    0x000000000000f6e6     0x165d Drivers/STM32F4xx_HAL_Driver/Src/stm32f4xx_hal_uart.o

.debug_abbrev   0x0000000000000000     0x207a
 .debug_abbrev  0x0000000000000000      0x3cf Core/Src/main.o
 .debug_abbrev  0x00000000000003cf      0x206 Core/Src/stm32f4xx_hal_msp.o
 .debug_abbrev  0x00000000000005d5      0x1a1 Core/Src/stm32f4xx_it.o
 .debug_abbrev  0x0000000000000776      0x1bf Core/Src/sysmem.o
 .debug_abbrev  0x0000000000000935      0x145 Core/Src/system_stm32f4xx.o
 .debug_abbrev  0x0000000000000a7a       0x12 Core/Startup/startup_stm32f411retx.o
 .debug_abbrev  0x0000000000000a8c      0x21e Drivers/STM32F4xx_HAL_Driver/Src/stm32f4xx_hal.o
 .debug_abbrev  0x0000000000000caa      0x33c Drivers/STM32F4xx_HAL_Driver/Src/stm32f4xx_hal_cortex.o
 .debug_abbrev  0x0000000000000fe6      0x219 Drivers/STM32F4xx_HAL_Driver/Src/stm32f4xx_hal_dma.o
 .debug_abbrev  0x00000000000011ff      0x1f1 Drivers/STM32F4xx_HAL_Driver/Src/stm32f4xx_hal_gpio.o
 .debug_abbrev  0x00000000000013f0      0x293 Drivers/STM32F4xx_HAL_Driver/Src/stm32f4xx_hal_i2c.o