main.c:137:5:main	16	static
main.c:222:6:SystemClock_Config	88	static
main.c:267:13:MX_TIM1_Init	56	static
main.c:317:13:MX_TIM2_Init	32	static
main.c:362:13:MX_TIM3_Init	64	static
main.c:421:13:MX_USART2_UART_Init	8	static
main.c:454:13:MX_GPIO_Init	48	static
main.c:521:7:Encoder_Velocity_Update	48	static
main.c:555:6:Motor_Drive_PWM	8	static
main.c:577:6:Velocity_Control	16	static
main.c:599:6:Distance_Calculation	16	static
main.c:627:6:Position_Control	4	static
main.c:640:6:Trajectory_Generation	128	static
main.c:672:6:HAL_TIM_PeriodElapsedCallback	24	static
main.c:679:10:micros	12	static
main.c:689:6:Error_Handler	4	static,ignoring_inline_asm
