main.c:181:5:main	8	static
main.c:239:6:SystemClock_Config	88	static
main.c:284:13:MX_I2C1_Init	8	static
main.c:318:13:MX_TIM1_Init	56	static
main.c:368:13:MX_TIM2_Init	32	static
main.c:414:13:MX_TIM3_Init	64	static
main.c:473:13:MX_TIM4_Init	32	static
main.c:518:13:MX_USART2_UART_Init	8	static
main.c:549:13:MX_DMA_Init	16	static
main.c:567:13:MX_GPIO_Init	48	static
main.c:622:7:Encoder_Velocity_Update	48	static
main.c:656:6:Motor_Drive_PWM	8	static
main.c:681:6:Velocity_Control	4	static
main.c:705:6:Distance_Calculation	8	static
main.c:747:6:Position_Control	4	static
main.c:762:6:Trajectory_Generation	128	static
main.c:832:6:Kalman_Filter	32	static
main.c:859:6:HAL_TIM_PeriodElapsedCallback	32	static
main.c:920:6:HAL_UART_RxCpltCallback	16	static
main.c:926:9:UARTRecieveIT	16	static
main.c:937:10:micros	12	static
main.c:947:6:Error_Handler	4	static,ignoring_inline_asm
