main.c:224:5:main	16	static
main.c:312:6:SystemClock_Config	88	static
main.c:357:13:MX_I2C1_Init	8	static
main.c:391:13:MX_TIM1_Init	56	static
main.c:441:13:MX_TIM2_Init	32	static
main.c:487:13:MX_TIM3_Init	64	static
main.c:546:13:MX_TIM4_Init	32	static
main.c:591:13:MX_USART2_UART_Init	8	static
main.c:622:13:MX_DMA_Init	16	static
main.c:643:13:MX_GPIO_Init	48	static
main.c:699:6:UARTInit	16	static
main.c:710:6:UARTResetStart	16	static
main.c:714:10:UARTGetRxHead	16	static
main.c:718:9:UARTReadChar	32	static
main.c:733:6:UARTTxDumpBuffer	24	static
main.c:759:6:UARTTxWrite	32	static
main.c:782:6:UART_Protocol	24	static
main.c:974:6:UART_Do_Command	16	static
main.c:1027:9:Decimal2High	16	static
main.c:1031:9:Decimal2Low	16	static
main.c:1035:10:HighLow2Decimal	24	static
main.c:1041:6:HAL_TIM_PeriodElapsedCallback	24	static
main.c:1048:10:micros	12	static
main.c:1058:6:Error_Handler	4	static,ignoring_inline_asm
