main.c:302:5:main	48	static
main.c:447:6:SystemClock_Config	88	static
main.c:492:13:MX_I2C1_Init	8	static
main.c:526:13:MX_TIM1_Init	56	static
main.c:576:13:MX_TIM2_Init	32	static
main.c:622:13:MX_TIM3_Init	64	static
main.c:681:13:MX_TIM4_Init	32	static
main.c:726:13:MX_USART2_UART_Init	8	static
main.c:757:13:MX_DMA_Init	16	static
main.c:778:13:MX_GPIO_Init	48	static
main.c:833:7:Encoder_Velocity_Update	56	static
main.c:887:7:Encoder_Position_Update	24	static
main.c:948:6:quintic	24	static
main.c:1011:6:cascade_control_with_feed_forward	16	static
main.c:1080:6:Kalman_Filter	24	static
main.c:1124:6:Home_Setting	32	static
main.c:1203:6:UARTInit	16	static
main.c:1214:6:UARTResetStart	16	static
main.c:1218:10:UARTGetRxHead	16	static
main.c:1222:9:UARTReadChar	32	static
main.c:1237:6:UARTTxDumpBuffer	24	static
main.c:1263:6:UARTTxWrite	32	static
main.c:1286:6:UART_Protocol	24	static
main.c:1515:6:UART_Do_Command	24	static
main.c:1583:9:Decimal2High	16	static
main.c:1587:9:Decimal2Low	16	static
main.c:1591:10:HighLow2Decimal	24	static
main.c:1597:6:HAL_TIM_PeriodElapsedCallback	24	static
main.c:1604:10:micros	12	static
main.c:1614:6:Error_Handler	4	static,ignoring_inline_asm
