main.c:217:5:main	16	static
main.c:291:6:SystemClock_Config	88	static
main.c:336:13:MX_I2C1_Init	8	static
main.c:370:13:MX_TIM1_Init	56	static
main.c:420:13:MX_TIM2_Init	32	static
main.c:466:13:MX_TIM3_Init	64	static
main.c:525:13:MX_TIM4_Init	32	static
main.c:570:13:MX_USART2_UART_Init	8	static
main.c:601:13:MX_DMA_Init	16	static
main.c:622:13:MX_GPIO_Init	48	static
main.c:678:6:UARTInit	16	static
main.c:689:6:UARTResetStart	16	static
main.c:693:10:UARTGetRxHead	16	static
main.c:697:9:UARTReadChar	32	static
main.c:712:6:UARTTxDumpBuffer	24	static
main.c:738:6:UARTTxWrite	32	static
main.c:761:6:UART_Protocol	24	static
main.c:953:6:UART_Do_Command	16	static
main.c:1002:6:HAL_TIM_PeriodElapsedCallback	24	static
main.c:1009:10:micros	12	static
main.c:1019:6:Error_Handler	4	static,ignoring_inline_asm
