main.c:307:5:main	56	static
main.c:462:6:SystemClock_Config	88	static
main.c:507:13:MX_I2C1_Init	8	static
main.c:541:13:MX_TIM1_Init	56	static
main.c:591:13:MX_TIM2_Init	32	static
main.c:637:13:MX_TIM3_Init	64	static
main.c:696:13:MX_TIM4_Init	32	static
main.c:741:13:MX_USART2_UART_Init	8	static
main.c:772:13:MX_DMA_Init	16	static
main.c:793:13:MX_GPIO_Init	48	static
main.c:848:7:Encoder_Velocity_Update	56	static
main.c:902:7:Encoder_Position_Update	24	static
main.c:963:6:quintic	24	static
main.c:1026:6:cascade_control_with_feed_forward	16	static
main.c:1095:6:Kalman_Filter	24	static
main.c:1139:6:Home_Setting	32	static
main.c:1218:6:UARTInit	16	static
main.c:1229:6:UARTResetStart	16	static
main.c:1233:10:UARTGetRxHead	16	static
main.c:1237:9:UARTReadChar	32	static
main.c:1252:6:UARTTxDumpBuffer	24	static
main.c:1278:6:UARTTxWrite	32	static
main.c:1301:6:UART_Protocol	24	static
main.c:1539:6:UART_Do_Command	16	static
main.c:1614:9:Decimal2High	16	static
main.c:1618:9:Decimal2Low	16	static
main.c:1622:10:HighLow2Decimal	24	static
main.c:1628:6:HAL_TIM_PeriodElapsedCallback	24	static
main.c:1635:10:micros	12	static
main.c:1645:6:Error_Handler	4	static,ignoring_inline_asm
