main.c:228:5:main	40	static
main.c:380:6:SystemClock_Config	88	static
main.c:425:13:MX_I2C1_Init	8	static
main.c:459:13:MX_TIM1_Init	56	static
main.c:509:13:MX_TIM2_Init	32	static
main.c:555:13:MX_TIM3_Init	64	static
main.c:614:13:MX_TIM4_Init	32	static
main.c:659:13:MX_USART2_UART_Init	8	static
main.c:690:13:MX_DMA_Init	16	static
main.c:711:13:MX_GPIO_Init	48	static
main.c:766:7:Encoder_Velocity_Update	48	static
main.c:803:6:Motor_Drive_PWM	8	static
main.c:826:6:Kalman_Filter	32	static
main.c:851:6:Velocity_Control	4	static
main.c:883:6:Distance_Calculation	8	static
main.c:933:6:Position_Control	4	static
main.c:956:6:Trajectory_Generation	128	static
main.c:1029:6:UARTInit	16	static
main.c:1040:6:UARTResetStart	16	static
main.c:1044:10:UARTGetRxHead	16	static
main.c:1048:9:UARTReadChar	32	static
main.c:1063:6:UARTTxDumpBuffer	24	static
main.c:1089:6:UARTTxWrite	32	static
main.c:1112:6:UART_Protocol	16	static
main.c:1239:6:HAL_TIM_PeriodElapsedCallback	24	static
main.c:1246:10:micros	12	static
main.c:1256:6:Error_Handler	4	static,ignoring_inline_asm
