main.c:148:5:main	32	static
main.c:257:6:SystemClock_Config	88	static
main.c:302:13:MX_TIM1_Init	56	static
main.c:352:13:MX_TIM2_Init	32	static
main.c:398:13:MX_TIM3_Init	64	static
main.c:457:13:MX_USART2_UART_Init	8	static
main.c:490:13:MX_GPIO_Init	48	static
main.c:553:7:Encoder_Velocity_Update	48	static
main.c:590:6:Motor_Drive_PWM	8	static
main.c:613:6:Velocity_Control	4	static
main.c:636:6:Distance_Calculation	8	static
main.c:677:6:Position_Control	4	static
main.c:690:6:Trajectory_Generation	128	static
main.c:754:6:HAL_TIM_PeriodElapsedCallback	24	static
main.c:761:10:micros	12	static
main.c:771:6:Error_Handler	4	static,ignoring_inline_asm
