main.c:147:5:main	32	static
main.c:246:6:SystemClock_Config	88	static
main.c:291:13:MX_TIM1_Init	56	static
main.c:341:13:MX_TIM2_Init	32	static
main.c:387:13:MX_TIM3_Init	64	static
main.c:446:13:MX_USART2_UART_Init	8	static
main.c:479:13:MX_GPIO_Init	48	static
main.c:542:7:Encoder_Velocity_Update	48	static
main.c:579:6:Motor_Drive_PWM	8	static
main.c:602:6:Velocity_Control	4	static
main.c:625:6:Distance_Calculation	8	static
main.c:666:6:Position_Control	4	static
main.c:679:6:Trajectory_Generation	128	static
main.c:743:6:HAL_TIM_PeriodElapsedCallback	24	static
main.c:750:10:micros	12	static
main.c:760:6:Error_Handler	4	static,ignoring_inline_asm
