main.c:218:5:main	16	static
main.c:298:6:SystemClock_Config	88	static
main.c:343:13:MX_I2C1_Init	8	static
main.c:377:13:MX_TIM1_Init	56	static
main.c:427:13:MX_TIM2_Init	32	static
main.c:473:13:MX_TIM3_Init	64	static
main.c:532:13:MX_TIM4_Init	32	static
main.c:577:13:MX_USART2_UART_Init	8	static
main.c:608:13:MX_DMA_Init	16	static
main.c:629:13:MX_GPIO_Init	48	static
main.c:685:6:UARTInit	16	static
main.c:696:6:UARTResetStart	16	static
main.c:700:10:UARTGetRxHead	16	static
main.c:704:9:UARTReadChar	32	static
main.c:719:6:UARTTxDumpBuffer	24	static
main.c:745:6:UARTTxWrite	32	static
main.c:768:6:UART_Protocol	24	static
main.c:960:6:UART_Do_Command	16	static
main.c:1012:6:HAL_TIM_PeriodElapsedCallback	24	static
main.c:1019:10:micros	12	static
main.c:1029:6:Error_Handler	4	static,ignoring_inline_asm
