main.c:196:5:main	16	static
main.c:264:6:SystemClock_Config	88	static
main.c:309:13:MX_I2C1_Init	8	static
main.c:343:13:MX_TIM1_Init	56	static
main.c:393:13:MX_TIM2_Init	32	static
main.c:439:13:MX_TIM3_Init	64	static
main.c:498:13:MX_TIM4_Init	32	static
main.c:543:13:MX_USART2_UART_Init	8	static
main.c:574:13:MX_DMA_Init	16	static
main.c:595:13:MX_GPIO_Init	48	static
main.c:650:7:Encoder_Velocity_Update	48	static
main.c:684:6:Motor_Drive_PWM	8	static
main.c:709:6:Velocity_Control	4	static
main.c:733:6:Distance_Calculation	8	static
main.c:775:6:Position_Control	4	static
main.c:790:6:Trajectory_Generation	128	static
main.c:860:6:Kalman_Filter	32	static
main.c:887:6:HAL_TIM_PeriodElapsedCallback	32	static
main.c:948:6:UARTInit	16	static
main.c:959:6:UARTResetStart	16	static
main.c:963:10:UARTGetRxHead	16	static
main.c:967:9:UARTReadChar	32	static
main.c:982:6:UARTTxDumpBuffer	24	static
main.c:1008:6:UARTTxWrite	32	static
main.c:1031:6:UART_Protocol	16	static
main.c:1035:10:micros	12	static
main.c:1045:6:Error_Handler	4	static,ignoring_inline_asm
