main.c:305:5:main	56	static
main.c:459:6:SystemClock_Config	88	static
main.c:504:13:MX_I2C1_Init	8	static
main.c:538:13:MX_TIM1_Init	56	static
main.c:588:13:MX_TIM2_Init	32	static
main.c:634:13:MX_TIM3_Init	64	static
main.c:693:13:MX_TIM4_Init	32	static
main.c:738:13:MX_USART2_UART_Init	8	static
main.c:769:13:MX_DMA_Init	16	static
main.c:790:13:MX_GPIO_Init	48	static
main.c:845:7:Encoder_Velocity_Update	56	static
main.c:899:7:Encoder_Position_Update	24	static
main.c:960:6:quintic	24	static
main.c:1023:6:cascade_control_with_feed_forward	16	static
main.c:1092:6:Kalman_Filter	24	static
main.c:1136:6:Home_Setting	32	static
main.c:1215:6:UARTInit	16	static
main.c:1226:6:UARTResetStart	16	static
main.c:1230:10:UARTGetRxHead	16	static
main.c:1234:9:UARTReadChar	32	static
main.c:1249:6:UARTTxDumpBuffer	24	static
main.c:1275:6:UARTTxWrite	32	static
main.c:1298:6:UART_Protocol	24	static
main.c:1526:6:UART_Do_Command	16	static
main.c:1599:9:Decimal2High	16	static
main.c:1603:9:Decimal2Low	16	static
main.c:1607:10:HighLow2Decimal	24	static
main.c:1613:6:HAL_TIM_PeriodElapsedCallback	24	static
main.c:1620:10:micros	12	static
main.c:1630:6:Error_Handler	4	static,ignoring_inline_asm
