main.c:214:5:main	16	static
main.c:283:6:SystemClock_Config	88	static
main.c:328:13:MX_I2C1_Init	8	static
main.c:362:13:MX_TIM1_Init	56	static
main.c:412:13:MX_TIM2_Init	32	static
main.c:458:13:MX_TIM3_Init	64	static
main.c:517:13:MX_TIM4_Init	32	static
main.c:562:13:MX_USART2_UART_Init	8	static
main.c:593:13:MX_DMA_Init	16	static
main.c:614:13:MX_GPIO_Init	48	static
main.c:670:6:UARTInit	16	static
main.c:681:6:UARTResetStart	16	static
main.c:685:10:UARTGetRxHead	16	static
main.c:689:9:UARTReadChar	32	static
main.c:704:6:UARTTxDumpBuffer	24	static
main.c:730:6:UARTTxWrite	32	static
main.c:753:6:UART_Protocol	16	static
main.c:924:6:UART_Do_Command	16	static
main.c:981:6:HAL_TIM_PeriodElapsedCallback	24	static
main.c:988:10:micros	12	static
main.c:998:6:Error_Handler	4	static,ignoring_inline_asm
