main.c:222:5:main	16	static
main.c:290:6:SystemClock_Config	88	static
main.c:335:13:MX_I2C1_Init	8	static
main.c:369:13:MX_TIM1_Init	56	static
main.c:419:13:MX_TIM2_Init	32	static
main.c:465:13:MX_TIM3_Init	64	static
main.c:524:13:MX_TIM4_Init	32	static
main.c:569:13:MX_USART2_UART_Init	8	static
main.c:600:13:MX_DMA_Init	16	static
main.c:621:13:MX_GPIO_Init	48	static
main.c:676:7:Encoder_Velocity_Update	48	static
main.c:710:6:Motor_Drive_PWM	8	static
main.c:735:6:Velocity_Control	4	static
main.c:759:6:Distance_Calculation	8	static
main.c:801:6:Position_Control	4	static
main.c:816:6:Trajectory_Generation	128	static
main.c:886:6:Kalman_Filter	32	static
main.c:913:6:HAL_TIM_PeriodElapsedCallback	32	static
main.c:977:6:UARTInit	16	static
main.c:988:6:UARTResetStart	16	static
main.c:992:10:UARTGetRxHead	16	static
main.c:996:9:UARTReadChar	32	static
main.c:1011:6:UARTTxDumpBuffer	24	static
main.c:1037:6:UARTTxWrite	32	static
main.c:1060:6:UART_Protocol	16	static
main.c:1187:10:micros	12	static
main.c:1197:6:Error_Handler	4	static,ignoring_inline_asm
