main.c:224:5:main	16	static
main.c:309:6:SystemClock_Config	88	static
main.c:354:13:MX_I2C1_Init	8	static
main.c:388:13:MX_TIM1_Init	56	static
main.c:438:13:MX_TIM2_Init	32	static
main.c:484:13:MX_TIM3_Init	64	static
main.c:543:13:MX_TIM4_Init	32	static
main.c:588:13:MX_USART2_UART_Init	8	static
main.c:619:13:MX_DMA_Init	16	static
main.c:640:13:MX_GPIO_Init	48	static
main.c:696:6:UARTInit	16	static
main.c:707:6:UARTResetStart	16	static
main.c:711:10:UARTGetRxHead	16	static
main.c:715:9:UARTReadChar	32	static
main.c:730:6:UARTTxDumpBuffer	24	static
main.c:756:6:UARTTxWrite	32	static
main.c:779:6:UART_Protocol	24	static
main.c:1008:6:UART_Do_Command	24	static
main.c:1074:9:Decimal2High	16	static
main.c:1078:9:Decimal2Low	16	static
main.c:1082:10:HighLow2Decimal	24	static
main.c:1088:9:Velocity_Mapping	16	static
main.c:1092:6:HAL_TIM_PeriodElapsedCallback	24	static
main.c:1099:10:micros	12	static
main.c:1109:6:Error_Handler	4	static,ignoring_inline_asm
