main.c:240:5:main	40	static
main.c:394:6:SystemClock_Config	88	static
main.c:439:13:MX_I2C1_Init	8	static
main.c:473:13:MX_TIM1_Init	56	static
main.c:523:13:MX_TIM2_Init	32	static
main.c:569:13:MX_TIM3_Init	64	static
main.c:628:13:MX_TIM4_Init	32	static
main.c:673:13:MX_USART2_UART_Init	8	static
main.c:704:13:MX_DMA_Init	16	static
main.c:725:13:MX_GPIO_Init	48	static
main.c:780:7:Encoder_Velocity_Update	48	static
main.c:817:6:Motor_Drive_PWM	8	static
main.c:840:6:Kalman_Filter	32	static
main.c:865:6:Velocity_Control	4	static
main.c:897:6:Distance_Calculation	8	static
main.c:947:6:Position_Control	4	static
main.c:970:6:Trajectory_Generation	128	static
main.c:1043:6:UARTInit	16	static
main.c:1054:6:UARTResetStart	16	static
main.c:1058:10:UARTGetRxHead	16	static
main.c:1062:9:UARTReadChar	32	static
main.c:1077:6:UARTTxDumpBuffer	24	static
main.c:1103:6:UARTTxWrite	32	static
main.c:1126:6:UART_Protocol	16	static
main.c:1297:6:UART_Do_Command	16	static
main.c:1358:6:HAL_TIM_PeriodElapsedCallback	24	static
main.c:1365:10:micros	12	static
main.c:1375:6:Error_Handler	4	static,ignoring_inline_asm
