main.c:151:5:main	32	static
main.c:263:6:SystemClock_Config	88	static
main.c:308:13:MX_I2C1_Init	8	static
main.c:342:13:MX_TIM1_Init	56	static
main.c:392:13:MX_TIM2_Init	32	static
main.c:438:13:MX_TIM3_Init	64	static
main.c:497:13:MX_USART2_UART_Init	8	static
main.c:530:13:MX_GPIO_Init	48	static
main.c:585:7:Encoder_Velocity_Update	48	static
main.c:622:6:Motor_Drive_PWM	8	static
main.c:645:6:Velocity_Control	4	static
main.c:668:6:Distance_Calculation	8	static
main.c:709:6:Position_Control	4	static
main.c:722:6:Trajectory_Generation	128	static
main.c:786:6:HAL_TIM_PeriodElapsedCallback	24	static
main.c:793:10:micros	12	static
main.c:803:6:Error_Handler	4	static,ignoring_inline_asm
