main.c:225:5:main	8	static
main.c:293:6:SystemClock_Config	88	static
main.c:338:13:MX_I2C1_Init	8	static
main.c:372:13:MX_TIM1_Init	56	static
main.c:422:13:MX_TIM2_Init	32	static
main.c:468:13:MX_TIM3_Init	64	static
main.c:527:13:MX_TIM4_Init	32	static
main.c:572:13:MX_USART2_UART_Init	8	static
main.c:603:13:MX_DMA_Init	16	static
main.c:624:13:MX_GPIO_Init	48	static
main.c:679:7:Encoder_Velocity_Update	48	static
main.c:713:6:Motor_Drive_PWM	8	static
main.c:738:6:Velocity_Control	4	static
main.c:762:6:Distance_Calculation	8	static
main.c:809:6:Position_Control	4	static
main.c:826:6:Trajectory_Generation	128	static
main.c:897:6:Kalman_Filter	32	static
main.c:924:6:HAL_TIM_PeriodElapsedCallback	32	static
main.c:992:6:UARTInit	16	static
main.c:1003:6:UARTResetStart	16	static
main.c:1007:10:UARTGetRxHead	16	static
main.c:1011:9:UARTReadChar	32	static
main.c:1026:6:UARTTxDumpBuffer	24	static
main.c:1052:6:UARTTxWrite	32	static
main.c:1075:6:UART_Protocol	16	static
main.c:1202:10:micros	12	static
main.c:1212:6:Error_Handler	4	static,ignoring_inline_asm
